<html>
<body>
<pre>
<h1>µVision Build Log</h1>
<h2>Tool Versions:</h2>
IDE-Version: µVision V5.36.0.0
Copyright (C) 2021 ARM Ltd and ARM Germany GmbH. All rights reserved.
License Information: ADAB ADAB, UPM, LIC=----
 
Tool Versions:
Toolchain:       MDK-Lite  Version: 5.36.0.0
Toolchain Path:  C:\Keil_v5\ARM\ARMCC\Bin
C Compiler:      Armcc.exe V5.06 update 7 (build 960)
Assembler:       Armasm.exe V5.06 update 7 (build 960)
Linker/Locator:  ArmLink.exe V5.06 update 7 (build 960)
Library Manager: ArmAr.exe V5.06 update 7 (build 960)
Hex Converter:   FromElf.exe V5.06 update 7 (build 960)
CPU DLL:         SARMCM3.DLL V5.36.0.0
Dialog DLL:      DCM.DLL V1.17.3.0
Target DLL:      STLink\ST-LINKIII-KEIL_SWO.dll V3.0.6.0
Dialog DLL:      TCM.DLL V1.53.0.0
 
<h2>Project:</h2>
E:\Master SSED\STR\Laboratorio\Proyecto\Pinicio_done\Pinicio\MDK-ARM\P3CAN.uvprojx
Project File Date:  03/01/2022

<h2>Output:</h2>
*** Using Compiler 'V5.06 update 7 (build 960)', folder: 'C:\Keil_v5\ARM\ARMCC\Bin'
Rebuild target 'P3CAN'
assembling startup_stm32f407xx.s...
compiling stm32f4xx_it.c...
compiling freertos.c...
compiling main.c...
../Src/main.c(161): warning:  #167-D: argument of type "void (*)(const void *)" is incompatible with parameter of type "TaskFunction_t"
  	xTaskCreate( VelocityTask, "VelocityTask", STACK_SIZE, ( void * ) 1, tskIDLE_PRIORITY, &VelocityTaskHandle );   
../Src/main.c(162): warning:  #167-D: argument of type "void (*)(const void *)" is incompatible with parameter of type "TaskFunction_t"
  	xTaskCreate( DistanceTask, "DistanceTask", STACK_SIZE, ( void * ) 1, tskIDLE_PRIORITY, &DistanceTaskHandle );
../Src/main.c(163): warning:  #167-D: argument of type "void (*)(const void *)" is incompatible with parameter of type "TaskFunction_t"
  	xTaskCreate( CarBrakeTask, "CarBrakeTask", STACK_SIZE, ( void * ) 1, tskIDLE_PRIORITY, &CarBrakeTaskHandle );   
../Src/main.c(164): warning:  #167-D: argument of type "void (*)(const void *)" is incompatible with parameter of type "TaskFunction_t"
  	xTaskCreate( DippedHeadlightsTask, "DippedHeadlightsTask", STACK_SIZE, ( void * ) 1, tskIDLE_PRIORITY, &DippedHealLightTaskHandle );
../Src/main.c(236): warning:  #177-D: variable "sConfig"  was declared but never referenced
    ADC_ChannelConfTypeDef sConfig = {0};
../Src/main.c(461): warning:  #1035-D: single-precision operand implicitly converted to double-precision
      				averageVelocity = (previousVelocity + currentVelocity) / 2.0;			
../Src/main.c(482): warning:  #1035-D: single-precision operand implicitly converted to double-precision
  			safeDistance = pow((averageVelocity/10.0),2); 
../Src/main.c(488): warning:  #1035-D: single-precision operand implicitly converted to double-precision
  				  if((distance/safeDistance) >= 0.75)currentBrakeLevel = BRAKE_LEVEL_1;
../Src/main.c(489): warning:  #1035-D: single-precision operand implicitly converted to double-precision
  				  else if((distance/safeDistance) >= 0.5)currentBrakeLevel = BRAKE_LEVEL_2;
../Src/main.c(490): warning:  #1035-D: single-precision operand implicitly converted to double-precision
  				  else if((distance/safeDistance) >= 0.25)currentBrakeLevel = BRAKE_LEVEL_3;
../Src/main.c: 10 warnings, 0 errors
compiling stm32f4xx_hal_msp.c...
compiling stm32f4xx_hal_timebase_tim.c...
compiling stm32f4xx_hal_adc.c...
compiling stm32f4xx_hal_adc_ex.c...
compiling stm32f4xx_hal_can.c...
compiling stm32f4xx_hal_spi.c...
compiling stm32f4xx_hal_rcc.c...
compiling stm32f4xx_hal_tim_ex.c...
compiling stm32f4xx_hal_tim.c...
compiling stm32f4xx_hal_flash_ex.c...
compiling stm32f4xx_hal_rcc_ex.c...
compiling stm32f4xx_hal_flash.c...
compiling stm32f4xx_hal_flash_ramfunc.c...
compiling stm32f4xx_hal_gpio.c...
compiling stm32f4xx_hal_dma_ex.c...
compiling stm32f4xx_hal_pwr_ex.c...
compiling stm32f4xx_hal_pwr.c...
compiling stm32f4xx_hal_dma.c...
compiling stm32f4xx_hal_cortex.c...
compiling croutine.c...
compiling system_stm32f4xx.c...
compiling list.c...
compiling event_groups.c...
compiling stm32f4xx_hal.c...
compiling timers.c...
compiling queue.c...
compiling heap_4.c...
compiling tasks.c...
compiling cmsis_os.c...
compiling port.c...
linking...
Program Size: Code=17508 RO-data=596 RW-data=176 ZI-data=16888  
FromELF: creating hex file...
"P3CAN\P3CAN.axf" - 0 Error(s), 10 Warning(s).

<h2>Software Packages used:</h2>

Package Vendor: ARM
                http://www.keil.com/pack/ARM.CMSIS.5.8.0.pack
                ARM.CMSIS.5.8.0
                CMSIS (Common Microcontroller Software Interface Standard)
   * Component: CORE Version: 5.5.0

Package Vendor: Keil
                http://www.keil.com/pack/Keil.STM32F4xx_DFP.2.15.0.pack
                Keil.STM32F4xx_DFP.2.15.0
                STMicroelectronics STM32F4 Series Device Support, Drivers and Examples

<h2>Collection of Component include folders:</h2>
  .\RTE\_P3CAN
  C:\Users\Alejandro\AppData\Local\Arm\Packs\ARM\CMSIS\5.8.0\CMSIS\Core\Include
  C:\Users\Alejandro\AppData\Local\Arm\Packs\Keil\STM32F4xx_DFP\2.15.0\Drivers\CMSIS\Device\ST\STM32F4xx\Include

<h2>Collection of Component Files used:</h2>

   * Component: ARM::CMSIS:CORE:5.5.0
Build Time Elapsed:  00:00:42
</pre>
</body>
</html>
