Component: ARM Compiler 5.06 update 7 (build 960) Tool: armlink [4d3601]

==============================================================================

Section Cross References

    startup_stm32f407xx.o(RESET) refers to startup_stm32f407xx.o(STACK) for __initial_sp
    startup_stm32f407xx.o(RESET) refers to startup_stm32f407xx.o(.text) for Reset_Handler
    startup_stm32f407xx.o(RESET) refers to stm32f4xx_it.o(i.NMI_Handler) for NMI_Handler
    startup_stm32f407xx.o(RESET) refers to stm32f4xx_it.o(i.HardFault_Handler) for HardFault_Handler
    startup_stm32f407xx.o(RESET) refers to stm32f4xx_it.o(i.MemManage_Handler) for MemManage_Handler
    startup_stm32f407xx.o(RESET) refers to stm32f4xx_it.o(i.BusFault_Handler) for BusFault_Handler
    startup_stm32f407xx.o(RESET) refers to stm32f4xx_it.o(i.UsageFault_Handler) for UsageFault_Handler
    startup_stm32f407xx.o(RESET) refers to port.o(.emb_text) for SVC_Handler
    startup_stm32f407xx.o(RESET) refers to stm32f4xx_it.o(i.DebugMon_Handler) for DebugMon_Handler
    startup_stm32f407xx.o(RESET) refers to port.o(i.SysTick_Handler) for SysTick_Handler
    startup_stm32f407xx.o(RESET) refers to stm32f4xx_it.o(i.EXTI0_IRQHandler) for EXTI0_IRQHandler
    startup_stm32f407xx.o(RESET) refers to stm32f4xx_it.o(i.EXTI3_IRQHandler) for EXTI3_IRQHandler
    startup_stm32f407xx.o(RESET) refers to stm32f4xx_it.o(i.CAN1_RX0_IRQHandler) for CAN1_RX0_IRQHandler
    startup_stm32f407xx.o(RESET) refers to stm32f4xx_it.o(i.TIM1_UP_TIM10_IRQHandler) for TIM1_UP_TIM10_IRQHandler
    startup_stm32f407xx.o(.text) refers to system_stm32f4xx.o(i.SystemInit) for SystemInit
    startup_stm32f407xx.o(.text) refers to entry.o(.ARM.Collect$$$$00000000) for __main
    main.o(i.HAL_GPIO_EXTI_Callback) refers to queue.o(i.xQueueGiveFromISR) for xQueueGiveFromISR
    main.o(i.HAL_GPIO_EXTI_Callback) refers to main.o(.data) for .data
    main.o(i.HAL_TIM_PeriodElapsedCallback) refers to stm32f4xx_hal.o(i.HAL_IncTick) for HAL_IncTick
    main.o(i.InitLIS3DSHI) refers to stm32f4xx_hal_gpio.o(i.HAL_GPIO_WritePin) for HAL_GPIO_WritePin
    main.o(i.InitLIS3DSHI) refers to stm32f4xx_hal_spi.o(i.HAL_SPI_Transmit) for HAL_SPI_Transmit
    main.o(i.InitLIS3DSHI) refers to stm32f4xx_hal_spi.o(i.HAL_SPI_Receive) for HAL_SPI_Receive
    main.o(i.InitLIS3DSHI) refers to main.o(.data) for .data
    main.o(i.InitLIS3DSHI) refers to main.o(.bss) for .bss
    main.o(i.MX_ADC1_Init) refers to stm32f4xx_hal_adc.o(i.HAL_ADC_Init) for HAL_ADC_Init
    main.o(i.MX_ADC1_Init) refers to main.o(.bss) for .bss
    main.o(i.MX_CAN1_Init) refers to stm32f4xx_hal_can.o(i.HAL_CAN_Init) for HAL_CAN_Init
    main.o(i.MX_CAN1_Init) refers to main.o(.bss) for .bss
    main.o(i.MX_GPIO_Init) refers to memseta.o(.text) for __aeabi_memclr4
    main.o(i.MX_GPIO_Init) refers to stm32f4xx_hal_gpio.o(i.HAL_GPIO_WritePin) for HAL_GPIO_WritePin
    main.o(i.MX_GPIO_Init) refers to stm32f4xx_hal_gpio.o(i.HAL_GPIO_Init) for HAL_GPIO_Init
    main.o(i.MX_GPIO_Init) refers to stm32f4xx_hal_cortex.o(i.HAL_NVIC_SetPriority) for HAL_NVIC_SetPriority
    main.o(i.MX_GPIO_Init) refers to stm32f4xx_hal_cortex.o(i.HAL_NVIC_EnableIRQ) for HAL_NVIC_EnableIRQ
    main.o(i.MX_SPI1_Init) refers to stm32f4xx_hal_spi.o(i.HAL_SPI_Init) for HAL_SPI_Init
    main.o(i.MX_SPI1_Init) refers to main.o(.bss) for .bss
    main.o(i.RelaxDetectionTask) refers to tasks.o(i.xTaskGetTickCount) for xTaskGetTickCount
    main.o(i.RelaxDetectionTask) refers to stm32f4xx_hal_gpio.o(i.HAL_GPIO_ReadPin) for HAL_GPIO_ReadPin
    main.o(i.RelaxDetectionTask) refers to tasks.o(i.vTaskDelayUntil) for vTaskDelayUntil
    main.o(i.RelaxDetectionTask) refers to main.o(.data) for .data
    main.o(i.RiskDetectionTask) refers to tasks.o(i.xTaskGetTickCount) for xTaskGetTickCount
    main.o(i.RiskDetectionTask) refers to dfixi.o(.text) for __aeabi_d2iz
    main.o(i.RiskDetectionTask) refers to tasks.o(i.vTaskDelayUntil) for vTaskDelayUntil
    main.o(i.RiskDetectionTask) refers to main.o(.data) for .data
    main.o(i.SPI_Read) refers to stm32f4xx_hal_gpio.o(i.HAL_GPIO_WritePin) for HAL_GPIO_WritePin
    main.o(i.SPI_Read) refers to stm32f4xx_hal_spi.o(i.HAL_SPI_Transmit) for HAL_SPI_Transmit
    main.o(i.SPI_Read) refers to stm32f4xx_hal_spi.o(i.HAL_SPI_Receive) for HAL_SPI_Receive
    main.o(i.SPI_Read) refers to main.o(.data) for .data
    main.o(i.SPI_Read) refers to main.o(.bss) for .bss
    main.o(i.SteeringWheelTask) refers to tasks.o(i.xTaskGetTickCount) for xTaskGetTickCount
    main.o(i.SteeringWheelTask) refers to stm32f4xx_hal_adc.o(i.HAL_ADC_ConfigChannel) for HAL_ADC_ConfigChannel
    main.o(i.SteeringWheelTask) refers to stm32f4xx_hal_adc.o(i.HAL_ADC_Start) for HAL_ADC_Start
    main.o(i.SteeringWheelTask) refers to stm32f4xx_hal_adc.o(i.HAL_ADC_PollForConversion) for HAL_ADC_PollForConversion
    main.o(i.SteeringWheelTask) refers to stm32f4xx_hal_adc.o(i.HAL_ADC_GetValue) for HAL_ADC_GetValue
[...]
    ../fplib/microlib/fpmul.c                0x00000000   Number         0  dmul.o ABSOLUTE
    ../fplib/microlib/fpneg.c                0x00000000   Number         0  dneg.o ABSOLUTE
    ../fplib/microlib/fpsqrt.c               0x00000000   Number         0  dsqrt.o ABSOLUTE
    ../mathlib/atan.c                        0x00000000   Number         0  atan.o ABSOLUTE
    ../mathlib/atan.c                        0x00000000   Number         0  atan_x.o ABSOLUTE
    ../mathlib/atan2.c                       0x00000000   Number         0  atan2.o ABSOLUTE
    ../mathlib/atan2.c                       0x00000000   Number         0  atan2_x.o ABSOLUTE
    ../mathlib/dunder.c                      0x00000000   Number         0  dunder.o ABSOLUTE
    ../mathlib/fabs.c                        0x00000000   Number         0  fabs.o ABSOLUTE
    ../mathlib/fpclassify.c                  0x00000000   Number         0  fpclassify.o ABSOLUTE
    ../mathlib/poly.c                        0x00000000   Number         0  poly.o ABSOLUTE
    ../mathlib/qnan.c                        0x00000000   Number         0  qnan.o ABSOLUTE
    ../mathlib/sqrt.c                        0x00000000   Number         0  sqrt.o ABSOLUTE
    ../mathlib/sqrt.c                        0x00000000   Number         0  sqrt_x.o ABSOLUTE
    ..\Drivers\STM32F4xx_HAL_Driver\Src\stm32f4xx_hal.c 0x00000000   Number         0  stm32f4xx_hal.o ABSOLUTE
    ..\Drivers\STM32F4xx_HAL_Driver\Src\stm32f4xx_hal_adc.c 0x00000000   Number         0  stm32f4xx_hal_adc.o ABSOLUTE
    ..\Drivers\STM32F4xx_HAL_Driver\Src\stm32f4xx_hal_adc_ex.c 0x00000000   Number         0  stm32f4xx_hal_adc_ex.o ABSOLUTE
    ..\Drivers\STM32F4xx_HAL_Driver\Src\stm32f4xx_hal_can.c 0x00000000   Number         0  stm32f4xx_hal_can.o ABSOLUTE
    ..\Drivers\STM32F4xx_HAL_Driver\Src\stm32f4xx_hal_cortex.c 0x00000000   Number         0  stm32f4xx_hal_cortex.o ABSOLUTE
    ..\Drivers\STM32F4xx_HAL_Driver\Src\stm32f4xx_hal_dma.c 0x00000000   Number         0  stm32f4xx_hal_dma.o ABSOLUTE
    ..\Drivers\STM32F4xx_HAL_Driver\Src\stm32f4xx_hal_dma_ex.c 0x00000000   Number         0  stm32f4xx_hal_dma_ex.o ABSOLUTE
    ..\Drivers\STM32F4xx_HAL_Driver\Src\stm32f4xx_hal_flash.c 0x00000000   Number         0  stm32f4xx_hal_flash.o ABSOLUTE
    ..\Drivers\STM32F4xx_HAL_Driver\Src\stm32f4xx_hal_flash_ex.c 0x00000000   Number         0  stm32f4xx_hal_flash_ex.o ABSOLUTE
    ..\Drivers\STM32F4xx_HAL_Driver\Src\stm32f4xx_hal_flash_ramfunc.c 0x00000000   Number         0  stm32f4xx_hal_flash_ramfunc.o ABSOLUTE
    ..\Drivers\STM32F4xx_HAL_Driver\Src\stm32f4xx_hal_gpio.c 0x00000000   Number         0  stm32f4xx_hal_gpio.o ABSOLUTE
    ..\Drivers\STM32F4xx_HAL_Driver\Src\stm32f4xx_hal_pwr.c 0x00000000   Number         0  stm32f4xx_hal_pwr.o ABSOLUTE
    ..\Drivers\STM32F4xx_HAL_Driver\Src\stm32f4xx_hal_pwr_ex.c 0x00000000   Number         0  stm32f4xx_hal_pwr_ex.o ABSOLUTE
    ..\Drivers\STM32F4xx_HAL_Driver\Src\stm32f4xx_hal_rcc.c 0x00000000   Number         0  stm32f4xx_hal_rcc.o ABSOLUTE
    ..\Drivers\STM32F4xx_HAL_Driver\Src\stm32f4xx_hal_rcc_ex.c 0x00000000   Number         0  stm32f4xx_hal_rcc_ex.o ABSOLUTE
    ..\Drivers\STM32F4xx_HAL_Driver\Src\stm32f4xx_hal_spi.c 0x00000000   Number         0  stm32f4xx_hal_spi.o ABSOLUTE
    ..\Drivers\STM32F4xx_HAL_Driver\Src\stm32f4xx_hal_tim.c 0x00000000   Number         0  stm32f4xx_hal_tim.o ABSOLUTE
    ..\Drivers\STM32F4xx_HAL_Driver\Src\stm32f4xx_hal_tim_ex.c 0x00000000   Number         0  stm32f4xx_hal_tim_ex.o ABSOLUTE
    ..\Middlewares\Third_Party\FreeRTOS\Source\CMSIS_RTOS\cmsis_os.c 0x00000000   Number         0  cmsis_os.o ABSOLUTE
    ..\Middlewares\Third_Party\FreeRTOS\Source\portable\RVDS\ARM_CM4F\port.c 0x00000000   Number         0  port.o ABSOLUTE
    ..\Src\freertos.c                        0x00000000   Number         0  freertos.o ABSOLUTE
    ..\Src\main.c                            0x00000000   Number         0  main.o ABSOLUTE
    ..\Src\stm32f4xx_hal_msp.c               0x00000000   Number         0  stm32f4xx_hal_msp.o ABSOLUTE
    ..\Src\stm32f4xx_hal_timebase_tim.c      0x00000000   Number         0  stm32f4xx_hal_timebase_tim.o ABSOLUTE
    ..\Src\stm32f4xx_it.c                    0x00000000   Number         0  stm32f4xx_it.o ABSOLUTE
    ..\Src\system_stm32f4xx.c                0x00000000   Number         0  system_stm32f4xx.o ABSOLUTE
    cdcmple.s                                0x00000000   Number         0  cdcmple.o ABSOLUTE
    dc.s                                     0x00000000   Number         0  dc.o ABSOLUTE
    handlers.s                               0x00000000   Number         0  handlers.o ABSOLUTE
    init.s                                   0x00000000   Number         0  init.o ABSOLUTE
    startup_stm32f407xx.s                    0x00000000   Number         0  startup_stm32f407xx.o ABSOLUTE
    RESET                                    0x08000000   Section      392  startup_stm32f407xx.o(RESET)
    .ARM.Collect$$$$00000000                 0x08000188   Section        0  entry.o(.ARM.Collect$$$$00000000)
    .ARM.Collect$$$$00000001                 0x08000188   Section        4  entry2.o(.ARM.Collect$$$$00000001)
    .ARM.Collect$$$$00000004                 0x0800018c   Section        4  entry5.o(.ARM.Collect$$$$00000004)
    .ARM.Collect$$$$00000008                 0x08000190   Section        0  entry7b.o(.ARM.Collect$$$$00000008)
    .ARM.Collect$$$$0000000A                 0x08000190   Section        0  entry8b.o(.ARM.Collect$$$$0000000A)
    .ARM.Collect$$$$0000000B                 0x08000190   Section        8  entry9a.o(.ARM.Collect$$$$0000000B)
    .ARM.Collect$$$$0000000E                 0x08000198   Section        4  entry12b.o(.ARM.Collect$$$$0000000E)
    .ARM.Collect$$$$0000000F                 0x0800019c   Section        0  entry10a.o(.ARM.Collect$$$$0000000F)
    .ARM.Collect$$$$00000011                 0x0800019c   Section        0  entry11a.o(.ARM.Collect$$$$00000011)
    .ARM.Collect$$$$00002712                 0x0800019c   Section        4  entry2.o(.ARM.Collect$$$$00002712)
    __lit__00000000                          0x0800019c   Data           4  entry2.o(.ARM.Collect$$$$00002712)
    .emb_text                                0x080001a0   Section      186  port.o(.emb_text)
    $v0                                      0x080001a0   Number         0  port.o(.emb_text)
    .text                                    0x0800025c   Section       36  startup_stm32f407xx.o(.text)
    $v0                                      0x0800025c   Number         0  startup_stm32f407xx.o(.text)
    .text                                    0x08000280   Section        0  uldiv.o(.text)
    .text                                    0x080002e2   Section        0  siabs.o(.text)
    .text                                    0x080002ea   Section        0  memcpya.o(.text)
    .text                                    0x0800030e   Section        0  memseta.o(.text)
    .text                                    0x08000332   Section        0  dadd.o(.text)
    .text                                    0x08000480   Section        0  dmul.o(.text)
    .text                                    0x08000564   Section        0  ddiv.o(.text)
    .text                                    0x08000642   Section        0  dflti.o(.text)
    .text                                    0x08000664   Section        0  dfixi.o(.text)
    .text                                    0x080006a2   Section        0  f2d.o(.text)
    .text                                    0x080006c8   Section        0  llshl.o(.text)
    .text                                    0x080006e6   Section        0  llushr.o(.text)
    .text                                    0x08000706   Section        0  llsshr.o(.text)
    .text                                    0x0800072a   Section        0  iusefp.o(.text)
    .text                                    0x0800072a   Section        0  depilogue.o(.text)
    .text                                    0x080007e4   Section        0  dsqrt.o(.text)
    .text                                    0x08000888   Section       48  cdcmple.o(.text)
    .text                                    0x080008b8   Section       36  init.o(.text)
    i.ADC_Init                               0x080008dc   Section        0  stm32f4xx_hal_adc.o(i.ADC_Init)
    ADC_Init                                 0x080008dd   Thumb Code   280  stm32f4xx_hal_adc.o(i.ADC_Init)
    i.BusFault_Handler                       0x08000a00   Section        0  stm32f4xx_it.o(i.BusFault_Handler)
    i.CAN1_RX0_IRQHandler                    0x08000a04   Section        0  stm32f4xx_it.o(i.CAN1_RX0_IRQHandler)
    i.DebugMon_Handler                       0x08000a10   Section        0  stm32f4xx_it.o(i.DebugMon_Handler)
    i.EXTI0_IRQHandler                       0x08000a12   Section        0  stm32f4xx_it.o(i.EXTI0_IRQHandler)
    i.EXTI3_IRQHandler                       0x08000a18   Section        0  stm32f4xx_it.o(i.EXTI3_IRQHandler)
    i.HAL_ADC_ConfigChannel                  0x08000a20   Section        0  stm32f4xx_hal_adc.o(i.HAL_ADC_ConfigChannel)
    i.HAL_ADC_GetValue                       0x08000b6c   Section        0  stm32f4xx_hal_adc.o(i.HAL_ADC_GetValue)
    i.HAL_ADC_Init                           0x08000b72   Section        0  stm32f4xx_hal_adc.o(i.HAL_ADC_Init)
    i.HAL_ADC_MspInit                        0x08000bc8   Section        0  stm32f4xx_hal_msp.o(i.HAL_ADC_MspInit)
    i.HAL_ADC_PollForConversion              0x08000c28   Section        0  stm32f4xx_hal_adc.o(i.HAL_ADC_PollForConversion)
    i.HAL_ADC_Start                          0x08000ccc   Section        0  stm32f4xx_hal_adc.o(i.HAL_ADC_Start)
    i.HAL_CAN_ErrorCallback                  0x08000d88   Section        0  stm32f4xx_hal_can.o(i.HAL_CAN_ErrorCallback)
    i.HAL_CAN_IRQHandler                     0x08000d8a   Section        0  stm32f4xx_hal_can.o(i.HAL_CAN_IRQHandler)
    i.HAL_CAN_Init                           0x08000f86   Section        0  stm32f4xx_hal_can.o(i.HAL_CAN_Init)
    i.HAL_CAN_MspInit                        0x080010a0   Section        0  stm32f4xx_hal_msp.o(i.HAL_CAN_MspInit)
    i.HAL_CAN_RxFifo0FullCallback            0x0800111c   Section        0  stm32f4xx_hal_can.o(i.HAL_CAN_RxFifo0FullCallback)
    i.HAL_CAN_RxFifo0MsgPendingCallback      0x0800111e   Section        0  stm32f4xx_hal_can.o(i.HAL_CAN_RxFifo0MsgPendingCallback)
    i.HAL_CAN_RxFifo1FullCallback            0x08001120   Section        0  stm32f4xx_hal_can.o(i.HAL_CAN_RxFifo1FullCallback)
    i.HAL_CAN_RxFifo1MsgPendingCallback      0x08001122   Section        0  stm32f4xx_hal_can.o(i.HAL_CAN_RxFifo1MsgPendingCallback)
    i.HAL_CAN_SleepCallback                  0x08001124   Section        0  stm32f4xx_hal_can.o(i.HAL_CAN_SleepCallback)
    i.HAL_CAN_TxMailbox0AbortCallback        0x08001126   Section        0  stm32f4xx_hal_can.o(i.HAL_CAN_TxMailbox0AbortCallback)
    i.HAL_CAN_TxMailbox0CompleteCallback     0x08001128   Section        0  stm32f4xx_hal_can.o(i.HAL_CAN_TxMailbox0CompleteCallback)
    i.HAL_CAN_TxMailbox1AbortCallback        0x0800112a   Section        0  stm32f4xx_hal_can.o(i.HAL_CAN_TxMailbox1AbortCallback)
    i.HAL_CAN_TxMailbox1CompleteCallback     0x0800112c   Section        0  stm32f4xx_hal_can.o(i.HAL_CAN_TxMailbox1CompleteCallback)
    i.HAL_CAN_TxMailbox2AbortCallback        0x0800112e   Section        0  stm32f4xx_hal_can.o(i.HAL_CAN_TxMailbox2AbortCallback)
    i.HAL_CAN_TxMailbox2CompleteCallback     0x08001130   Section        0  stm32f4xx_hal_can.o(i.HAL_CAN_TxMailbox2CompleteCallback)
    i.HAL_CAN_WakeUpFromRxMsgCallback        0x08001132   Section        0  stm32f4xx_hal_can.o(i.HAL_CAN_WakeUpFromRxMsgCallback)
    i.HAL_GPIO_EXTI_Callback                 0x08001134   Section        0  main.o(i.HAL_GPIO_EXTI_Callback)
    i.HAL_GPIO_EXTI_IRQHandler               0x0800114c   Section        0  stm32f4xx_hal_gpio.o(i.HAL_GPIO_EXTI_IRQHandler)
    i.HAL_GPIO_Init                          0x08001164   Section        0  stm32f4xx_hal_gpio.o(i.HAL_GPIO_Init)
    i.HAL_GPIO_ReadPin                       0x08001314   Section        0  stm32f4xx_hal_gpio.o(i.HAL_GPIO_ReadPin)
    i.HAL_GPIO_WritePin                      0x0800131e   Section        0  stm32f4xx_hal_gpio.o(i.HAL_GPIO_WritePin)
    i.HAL_GetTick                            0x08001328   Section        0  stm32f4xx_hal.o(i.HAL_GetTick)
    i.HAL_IncTick                            0x08001334   Section        0  stm32f4xx_hal.o(i.HAL_IncTick)
    i.HAL_Init                               0x08001344   Section        0  stm32f4xx_hal.o(i.HAL_Init)
    i.HAL_InitTick                           0x08001378   Section        0  stm32f4xx_hal_timebase_tim.o(i.HAL_InitTick)
    i.HAL_MspInit                            0x080013ec   Section        0  stm32f4xx_hal_msp.o(i.HAL_MspInit)
    i.HAL_NVIC_EnableIRQ                     0x08001424   Section        0  stm32f4xx_hal_cortex.o(i.HAL_NVIC_EnableIRQ)
    i.HAL_NVIC_SetPriority                   0x0800143c   Section        0  stm32f4xx_hal_cortex.o(i.HAL_NVIC_SetPriority)
    i.HAL_NVIC_SetPriorityGrouping           0x0800147c   Section        0  stm32f4xx_hal_cortex.o(i.HAL_NVIC_SetPriorityGrouping)
    i.HAL_RCC_ClockConfig                    0x080014a0   Section        0  stm32f4xx_hal_rcc.o(i.HAL_RCC_ClockConfig)
    i.HAL_RCC_GetClockConfig                 0x080015d0   Section        0  stm32f4xx_hal_rcc.o(i.HAL_RCC_GetClockConfig)
    i.HAL_RCC_GetPCLK2Freq                   0x08001610   Section        0  stm32f4xx_hal_rcc.o(i.HAL_RCC_GetPCLK2Freq)
    i.HAL_RCC_GetSysClockFreq                0x08001630   Section        0  stm32f4xx_hal_rcc.o(i.HAL_RCC_GetSysClockFreq)
    i.HAL_RCC_OscConfig                      0x08001690   Section        0  stm32f4xx_hal_rcc.o(i.HAL_RCC_OscConfig)
    i.HAL_SPI_Init                           0x080019ac   Section        0  stm32f4xx_hal_spi.o(i.HAL_SPI_Init)
    i.HAL_SPI_MspInit                        0x08001a2c   Section        0  stm32f4xx_hal_msp.o(i.HAL_SPI_MspInit)
    i.HAL_SPI_Receive                        0x08001a94   Section        0  stm32f4xx_hal_spi.o(i.HAL_SPI_Receive)
    i.HAL_SPI_Transmit                       0x08001be4   Section        0  stm32f4xx_hal_spi.o(i.HAL_SPI_Transmit)
    i.HAL_SPI_TransmitReceive                0x08001d4c   Section        0  stm32f4xx_hal_spi.o(i.HAL_SPI_TransmitReceive)
    i.HAL_TIMEx_BreakCallback                0x08001f24   Section        0  stm32f4xx_hal_tim_ex.o(i.HAL_TIMEx_BreakCallback)
    i.HAL_TIMEx_CommutationCallback          0x08001f26   Section        0  stm32f4xx_hal_tim_ex.o(i.HAL_TIMEx_CommutationCallback)
    i.HAL_TIM_Base_Init                      0x08001f28   Section        0  stm32f4xx_hal_tim.o(i.HAL_TIM_Base_Init)
    i.HAL_TIM_Base_MspInit                   0x08001f5e   Section        0  stm32f4xx_hal_tim.o(i.HAL_TIM_Base_MspInit)
    i.HAL_TIM_Base_Start_IT                  0x08001f60   Section        0  stm32f4xx_hal_tim.o(i.HAL_TIM_Base_Start_IT)
    i.HAL_TIM_IC_CaptureCallback             0x08001f78   Section        0  stm32f4xx_hal_tim.o(i.HAL_TIM_IC_CaptureCallback)
    i.HAL_TIM_IRQHandler                     0x08001f7a   Section        0  stm32f4xx_hal_tim.o(i.HAL_TIM_IRQHandler)
    i.HAL_TIM_OC_DelayElapsedCallback        0x080020e0   Section        0  stm32f4xx_hal_tim.o(i.HAL_TIM_OC_DelayElapsedCallback)
    i.HAL_TIM_PWM_PulseFinishedCallback      0x080020e2   Section        0  stm32f4xx_hal_tim.o(i.HAL_TIM_PWM_PulseFinishedCallback)
    i.HAL_TIM_PeriodElapsedCallback          0x080020e4   Section        0  main.o(i.HAL_TIM_PeriodElapsedCallback)
    i.HAL_TIM_TriggerCallback                0x080020f8   Section        0  stm32f4xx_hal_tim.o(i.HAL_TIM_TriggerCallback)
    i.HardFault_Handler                      0x080020fa   Section        0  stm32f4xx_it.o(i.HardFault_Handler)
    i.InitLIS3DSHI                           0x080020fc   Section        0  main.o(i.InitLIS3DSHI)
    i.MX_ADC1_Init                           0x0800216c   Section        0  main.o(i.MX_ADC1_Init)
    MX_ADC1_Init                             0x0800216d   Thumb Code    42  main.o(i.MX_ADC1_Init)
    i.MX_CAN1_Init                           0x080021a4   Section        0  main.o(i.MX_CAN1_Init)
    MX_CAN1_Init                             0x080021a5   Thumb Code    44  main.o(i.MX_CAN1_Init)
    i.MX_GPIO_Init                           0x080021d8   Section        0  main.o(i.MX_GPIO_Init)
    MX_GPIO_Init                             0x080021d9   Thumb Code   310  main.o(i.MX_GPIO_Init)
    i.MX_SPI1_Init                           0x08002328   Section        0  main.o(i.MX_SPI1_Init)
    MX_SPI1_Init                             0x08002329   Thumb Code    44  main.o(i.MX_SPI1_Init)
    i.MemManage_Handler                      0x0800235c   Section        0  stm32f4xx_it.o(i.MemManage_Handler)
    i.NMI_Handler                            0x0800235e   Section        0  stm32f4xx_it.o(i.NMI_Handler)
    i.NVIC_SetPriority                       0x08002360   Section        0  stm32f4xx_hal_cortex.o(i.NVIC_SetPriority)
    NVIC_SetPriority                         0x08002361   Thumb Code    32  stm32f4xx_hal_cortex.o(i.NVIC_SetPriority)
    i.RelaxDetectionTask                     0x08002380   Section        0  main.o(i.RelaxDetectionTask)
    i.RiskDetectionTask                      0x080023c8   Section        0  main.o(i.RiskDetectionTask)
    i.SPI_CheckFlag_BSY                      0x08002474   Section        0  stm32f4xx_hal_spi.o(i.SPI_CheckFlag_BSY)
    SPI_CheckFlag_BSY                        0x08002475   Thumb Code    32  stm32f4xx_hal_spi.o(i.SPI_CheckFlag_BSY)
    i.SPI_Read                               0x08002494   Section        0  main.o(i.SPI_Read)
    i.SPI_WaitFlagStateUntilTimeout          0x080024e4   Section        0  stm32f4xx_hal_spi.o(i.SPI_WaitFlagStateUntilTimeout)
    SPI_WaitFlagStateUntilTimeout            0x080024e5   Thumb Code   150  stm32f4xx_hal_spi.o(i.SPI_WaitFlagStateUntilTimeout)
    i.SteeringWheelTask                      0x0800257c   Section        0  main.o(i.SteeringWheelTask)
    i.SysTick_Handler                        0x0800263c   Section        0  port.o(i.SysTick_Handler)
    i.SystemClock_Config                     0x08002668   Section        0  main.o(i.SystemClock_Config)
    i.SystemInit                             0x080026f0   Section        0  system_stm32f4xx.o(i.SystemInit)
    i.TIM1_UP_TIM10_IRQHandler               0x08002744   Section        0  stm32f4xx_it.o(i.TIM1_UP_TIM10_IRQHandler)
    i.TIM_Base_SetConfig                     0x08002750   Section        0  stm32f4xx_hal_tim.o(i.TIM_Base_SetConfig)
    i.TiltHeadTask                           0x08002810   Section        0  main.o(i.TiltHeadTask)
    i.UpdateModeTask                         0x08002a2c   Section        0  main.o(i.UpdateModeTask)
    i.UsageFault_Handler                     0x08002a58   Section        0  stm32f4xx_it.o(i.UsageFault_Handler)
    i.__ARM_fpclassify                       0x08002a5a   Section        0  fpclassify.o(i.__ARM_fpclassify)
    i.__hardfp_atan                          0x08002a90   Section        0  atan.o(i.__hardfp_atan)
    i.__hardfp_atan2                         0x08002d68   Section        0  atan2.o(i.__hardfp_atan2)
    i.__hardfp_sqrt                          0x08002f68   Section        0  sqrt.o(i.__hardfp_sqrt)
    i.__kernel_poly                          0x08002fe2   Section        0  poly.o(i.__kernel_poly)
    i.__mathlib_dbl_infnan                   0x080030da   Section        0  dunder.o(i.__mathlib_dbl_infnan)
    i.__mathlib_dbl_infnan2                  0x080030ee   Section        0  dunder.o(i.__mathlib_dbl_infnan2)
    i.__mathlib_dbl_underflow                0x08003108   Section        0  dunder.o(i.__mathlib_dbl_underflow)
    i.__scatterload_copy                     0x08003128   Section       14  handlers.o(i.__scatterload_copy)
    i.__scatterload_null                     0x08003136   Section        2  handlers.o(i.__scatterload_null)
    i.__scatterload_zeroinit                 0x08003138   Section       14  handlers.o(i.__scatterload_zeroinit)
    i.__set_errno                            0x08003148   Section        0  errno.o(i.__set_errno)
    i.atan                                   0x08003154   Section        0  atan.o(i.atan)
    i.fabs                                   0x08003164   Section        0  fabs.o(i.fabs)
    i.main                                   0x0800317c   Section        0  main.o(i.main)
    i.osKernelStart                          0x08003284   Section        0  cmsis_os.o(i.osKernelStart)
    i.prvAddCurrentTaskToDelayedList         0x08003290   Section        0  tasks.o(i.prvAddCurrentTaskToDelayedList)
    prvAddCurrentTaskToDelayedList           0x08003291   Thumb Code   102  tasks.o(i.prvAddCurrentTaskToDelayedList)
    i.prvAddNewTaskToReadyList               0x08003300   Section        0  tasks.o(i.prvAddNewTaskToReadyList)
    prvAddNewTaskToReadyList                 0x08003301   Thumb Code   194  tasks.o(i.prvAddNewTaskToReadyList)
    i.prvCheckTasksWaitingTermination        0x080033d0   Section        0  tasks.o(i.prvCheckTasksWaitingTermination)
    prvCheckTasksWaitingTermination          0x080033d1   Thumb Code    70  tasks.o(i.prvCheckTasksWaitingTermination)
    i.prvCopyDataFromQueue                   0x08003420   Section        0  queue.o(i.prvCopyDataFromQueue)
    prvCopyDataFromQueue                     0x08003421   Thumb Code    38  queue.o(i.prvCopyDataFromQueue)
    i.prvDeleteTCB                           0x08003446   Section        0  tasks.o(i.prvDeleteTCB)
    prvDeleteTCB                             0x08003447   Thumb Code    20  tasks.o(i.prvDeleteTCB)
    i.prvHeapInit                            0x0800345c   Section        0  heap_4.o(i.prvHeapInit)
    prvHeapInit                              0x0800345d   Thumb Code    66  heap_4.o(i.prvHeapInit)
    i.prvIdleTask                            0x080034a8   Section        0  tasks.o(i.prvIdleTask)
    prvIdleTask                              0x080034a9   Thumb Code    30  tasks.o(i.prvIdleTask)
    i.prvInitialiseNewTask                   0x080034d0   Section        0  tasks.o(i.prvInitialiseNewTask)
    prvInitialiseNewTask                     0x080034d1   Thumb Code   142  tasks.o(i.prvInitialiseNewTask)
    i.prvInsertBlockIntoFreeList             0x08003560   Section        0  heap_4.o(i.prvInsertBlockIntoFreeList)
    prvInsertBlockIntoFreeList               0x08003561   Thumb Code    72  heap_4.o(i.prvInsertBlockIntoFreeList)
    i.prvIsQueueEmpty                        0x080035ac   Section        0  queue.o(i.prvIsQueueEmpty)
    prvIsQueueEmpty                          0x080035ad   Thumb Code    28  queue.o(i.prvIsQueueEmpty)
    i.prvResetNextTaskUnblockTime            0x080035c8   Section        0  tasks.o(i.prvResetNextTaskUnblockTime)
    prvResetNextTaskUnblockTime              0x080035c9   Thumb Code    26  tasks.o(i.prvResetNextTaskUnblockTime)
    i.prvTaskExitError                       0x080035e8   Section        0  port.o(i.prvTaskExitError)
    prvTaskExitError                         0x080035e9   Thumb Code    36  port.o(i.prvTaskExitError)
    i.prvUnlockQueue                         0x08003610   Section        0  queue.o(i.prvUnlockQueue)
    prvUnlockQueue                           0x08003611   Thumb Code   106  queue.o(i.prvUnlockQueue)
    i.pvPortMalloc                           0x0800367c   Section        0  heap_4.o(i.pvPortMalloc)
    i.pvTaskIncrementMutexHeldCount          0x08003754   Section        0  tasks.o(i.pvTaskIncrementMutexHeldCount)
    i.pxPortInitialiseStack                  0x0800376c   Section        0  port.o(i.pxPortInitialiseStack)
    i.uxListRemove                           0x08003798   Section        0  list.o(i.uxListRemove)
    i.vListInitialise                        0x080037bc   Section        0  list.o(i.vListInitialise)
    i.vListInitialiseItem                    0x080037d2   Section        0  list.o(i.vListInitialiseItem)
    i.vListInsert                            0x080037d8   Section        0  list.o(i.vListInsert)
    i.vListInsertEnd                         0x08003808   Section        0  list.o(i.vListInsertEnd)
    i.vPortEnterCritical                     0x08003820   Section        0  port.o(i.vPortEnterCritical)
    i.vPortExitCritical                      0x08003860   Section        0  port.o(i.vPortExitCritical)
    i.vPortFree                              0x08003888   Section        0  heap_4.o(i.vPortFree)
    i.vPortSetupTimerInterrupt               0x080038e4   Section        0  port.o(i.vPortSetupTimerInterrupt)
    i.vPortValidateInterruptPriority         0x08003904   Section        0  port.o(i.vPortValidateInterruptPriority)
    i.vTaskDelayUntil                        0x08003958   Section        0  tasks.o(i.vTaskDelayUntil)
    i.vTaskMissedYield                       0x080039e4   Section        0  tasks.o(i.vTaskMissedYield)
    i.vTaskPlaceOnEventList                  0x080039f0   Section        0  tasks.o(i.vTaskPlaceOnEventList)
    i.vTaskPriorityInherit                   0x08003a20   Section        0  tasks.o(i.vTaskPriorityInherit)
    i.vTaskSetTimeOutState                   0x08003aa4   Section        0  tasks.o(i.vTaskSetTimeOutState)
    i.vTaskStartScheduler                    0x08003ac8   Section        0  tasks.o(i.vTaskStartScheduler)
    i.vTaskSuspendAll                        0x08003b30   Section        0  tasks.o(i.vTaskSuspendAll)
    i.vTaskSwitchContext                     0x08003b40   Section        0  tasks.o(i.vTaskSwitchContext)
    i.xPortStartScheduler                    0x08003b9c   Section        0  port.o(i.xPortStartScheduler)
    i.xQueueGenericCreate                    0x08003c7c   Section        0  queue.o(i.xQueueGenericCreate)
    i.xQueueGenericReceive                   0x08003cc4   Section        0  queue.o(i.xQueueGenericReceive)
    i.xQueueGenericReset                     0x08003e30   Section        0  queue.o(i.xQueueGenericReset)
    i.xQueueGiveFromISR                      0x08003eb8   Section        0  queue.o(i.xQueueGiveFromISR)
    i.xTaskCheckForTimeOut                   0x08003f54   Section        0  tasks.o(i.xTaskCheckForTimeOut)
    i.xTaskCreate                            0x08003fc0   Section        0  tasks.o(i.xTaskCreate)
    i.xTaskGetSchedulerState                 0x08004018   Section        0  tasks.o(i.xTaskGetSchedulerState)
    i.xTaskGetTickCount                      0x08004034   Section        0  tasks.o(i.xTaskGetTickCount)
    i.xTaskIncrementTick                     0x08004040   Section        0  tasks.o(i.xTaskIncrementTick)
    i.xTaskRemoveFromEventList               0x08004108   Section        0  tasks.o(i.xTaskRemoveFromEventList)
    i.xTaskResumeAll                         0x0800417c   Section        0  tasks.o(i.xTaskResumeAll)
    .constdata                               0x08004240   Section       16  system_stm32f4xx.o(.constdata)
    .constdata                               0x08004250   Section        8  system_stm32f4xx.o(.constdata)
    .constdata                               0x08004258   Section      152  atan.o(.constdata)
    atanhi                                   0x08004258   Data          32  atan.o(.constdata)
    atanlo                                   0x08004278   Data          32  atan.o(.constdata)
    aTodd                                    0x08004298   Data          40  atan.o(.constdata)
    aTeven                                   0x080042c0   Data          48  atan.o(.constdata)
    .constdata                               0x080042f0   Section        8  qnan.o(.constdata)
    .data                                    0x20000000   Section      152  main.o(.data)
    .data                                    0x20000098   Section       12  stm32f4xx_hal.o(.data)
    .data                                    0x200000a4   Section        4  system_stm32f4xx.o(.data)
    .data                                    0x200000a8   Section       60  tasks.o(.data)
    uxDeletedTasksWaitingCleanUp             0x200000ac   Data           4  tasks.o(.data)
    uxCurrentNumberOfTasks                   0x200000b0   Data           4  tasks.o(.data)
    xTickCount                               0x200000b4   Data           4  tasks.o(.data)
    uxTopReadyPriority                       0x200000b8   Data           4  tasks.o(.data)
    xSchedulerRunning                        0x200000bc   Data           4  tasks.o(.data)
    uxPendedTicks                            0x200000c0   Data           4  tasks.o(.data)
    xYieldPending                            0x200000c4   Data           4  tasks.o(.data)
    xNumOfOverflows                          0x200000c8   Data           4  tasks.o(.data)
    uxTaskNumber                             0x200000cc   Data           4  tasks.o(.data)
    xNextTaskUnblockTime                     0x200000d0   Data           4  tasks.o(.data)
    xIdleTaskHandle                          0x200000d4   Data           4  tasks.o(.data)
    uxSchedulerSuspended                     0x200000d8   Data           4  tasks.o(.data)
    pxDelayedTaskList                        0x200000dc   Data           4  tasks.o(.data)
    pxOverflowDelayedTaskList                0x200000e0   Data           4  tasks.o(.data)
    .data                                    0x200000e4   Section       24  heap_4.o(.data)
    pxEnd                                    0x200000e4   Data           4  heap_4.o(.data)
    xFreeBytesRemaining                      0x200000e8   Data           4  heap_4.o(.data)
    xMinimumEverFreeBytesRemaining           0x200000ec   Data           4  heap_4.o(.data)
    xBlockAllocatedBit                       0x200000f0   Data           4  heap_4.o(.data)
    xStart                                   0x200000f4   Data           8  heap_4.o(.data)
    .data                                    0x200000fc   Section       12  port.o(.data)
    ucMaxSysCallPriority                     0x200000fc   Data           1  port.o(.data)
    uxCriticalNesting                        0x20000100   Data           4  port.o(.data)
    ulMaxPRIGROUPValue                       0x20000104   Data           4  port.o(.data)
    .data                                    0x20000108   Section        4  errno.o(.data)
    _errno                                   0x20000108   Data           4  errno.o(.data)
    .bss                                     0x2000010c   Section      200  main.o(.bss)
    .bss                                     0x200001d4   Section       60  stm32f4xx_hal_timebase_tim.o(.bss)
    .bss                                     0x20000210   Section      240  tasks.o(.bss)
    pxReadyTasksLists                        0x20000210   Data         140  tasks.o(.bss)
    xDelayedTaskList1                        0x2000029c   Data          20  tasks.o(.bss)
    xDelayedTaskList2                        0x200002b0   Data          20  tasks.o(.bss)
    xPendingReadyList                        0x200002c4   Data          20  tasks.o(.bss)
    xTasksWaitingTermination                 0x200002d8   Data          20  tasks.o(.bss)
    xSuspendedTaskList                       0x200002ec   Data          20  tasks.o(.bss)
    .bss                                     0x20000300   Section    15360  heap_4.o(.bss)
    ucHeap                                   0x20000300   Data       15360  heap_4.o(.bss)
    STACK                                    0x20003f00   Section     1024  startup_stm32f407xx.o(STACK)

    Global Symbols

    Symbol Name                              Value     Ov Type        Size  Object(Section)

    BuildAttributes$$THM_ISAv4$E$P$D$K$B$S$7EM$VFPi3$EXTD16$VFPS$VFMA$PE$A:L22UL41UL21$X:L11$S22US41US21$IEEE1$IW$USESV6$~STKCKD$USESV7$~SHL$OTIME$ROPI$IEEEX$EBA8$MICROLIB$REQ8$PRES8$EABIv2 0x00000000   Number         0  anon$$obj.o ABSOLUTE
    __ARM_use_no_argv                        0x00000000   Number         0  main.o ABSOLUTE
    __arm_fini_                               - Undefined Weak Reference
    __cpp_initialize__aeabi_                  - Undefined Weak Reference
    __cxa_finalize                            - Undefined Weak Reference
    __decompress                              - Undefined Weak Reference
    _clock_init                               - Undefined Weak Reference
    _microlib_exit                            - Undefined Weak Reference
    __Vectors_Size                           0x00000188   Number         0  startup_stm32f407xx.o ABSOLUTE
    __Vectors                                0x08000000   Data           4  startup_stm32f407xx.o(RESET)
    __Vectors_End                            0x08000188   Data           0  startup_stm32f407xx.o(RESET)
    __main                                   0x08000189   Thumb Code     0  entry.o(.ARM.Collect$$$$00000000)
    _main_stk                                0x08000189   Thumb Code     0  entry2.o(.ARM.Collect$$$$00000001)
    _main_scatterload                        0x0800018d   Thumb Code     0  entry5.o(.ARM.Collect$$$$00000004)
    __main_after_scatterload                 0x08000191   Thumb Code     0  entry5.o(.ARM.Collect$$$$00000004)
    _main_clock                              0x08000191   Thumb Code     0  entry7b.o(.ARM.Collect$$$$00000008)
    _main_cpp_init                           0x08000191   Thumb Code     0  entry8b.o(.ARM.Collect$$$$0000000A)
    _main_init                               0x08000191   Thumb Code     0  entry9a.o(.ARM.Collect$$$$0000000B)
    __rt_lib_shutdown_fini                   0x08000199   Thumb Code     0  entry12b.o(.ARM.Collect$$$$0000000E)
    __rt_final_cpp                           0x0800019d   Thumb Code     0  entry10a.o(.ARM.Collect$$$$0000000F)
    __rt_final_exit                          0x0800019d   Thumb Code     0  entry11a.o(.ARM.Collect$$$$00000011)
    SVC_Handler                              0x080001a1   Thumb Code    28  port.o(.emb_text)
    __asm___6_port_c_39a90d8d__prvStartFirstTask 0x080001c1   Thumb Code    28  port.o(.emb_text)
    __asm___6_port_c_39a90d8d__prvEnableVFP  0x080001e1   Thumb Code    16  port.o(.emb_text)
    PendSV_Handler                           0x080001f5   Thumb Code    92  port.o(.emb_text)
    vPortGetIPSR                             0x08000255   Thumb Code     6  port.o(.emb_text)
    Reset_Handler                            0x0800025d   Thumb Code     8  startup_stm32f407xx.o(.text)
    ADC_IRQHandler                           0x08000277   Thumb Code     0  startup_stm32f407xx.o(.text)
    CAN1_RX1_IRQHandler                      0x08000277   Thumb Code     0  startup_stm32f407xx.o(.text)
    CAN1_SCE_IRQHandler                      0x08000277   Thumb Code     0  startup_stm32f407xx.o(.text)
    CAN1_TX_IRQHandler                       0x08000277   Thumb Code     0  startup_stm32f407xx.o(.text)
    CAN2_RX0_IRQHandler                      0x08000277   Thumb Code     0  startup_stm32f407xx.o(.text)
    CAN2_RX1_IRQHandler                      0x08000277   Thumb Code     0  startup_stm32f407xx.o(.text)
    CAN2_SCE_IRQHandler                      0x08000277   Thumb Code     0  startup_stm32f407xx.o(.text)
    CAN2_TX_IRQHandler                       0x08000277   Thumb Code     0  startup_stm32f407xx.o(.text)
    DCMI_IRQHandler                          0x08000277   Thumb Code     0  startup_stm32f407xx.o(.text)
    DMA1_Stream0_IRQHandler                  0x08000277   Thumb Code     0  startup_stm32f407xx.o(.text)
    DMA1_Stream1_IRQHandler                  0x08000277   Thumb Code     0  startup_stm32f407xx.o(.text)
    DMA1_Stream2_IRQHandler                  0x08000277   Thumb Code     0  startup_stm32f407xx.o(.text)
    DMA1_Stream3_IRQHandler                  0x08000277   Thumb Code     0  startup_stm32f407xx.o(.text)
    DMA1_Stream4_IRQHandler                  0x08000277   Thumb Code     0  startup_stm32f407xx.o(.text)
    DMA1_Stream5_IRQHandler                  0x08000277   Thumb Code     0  startup_stm32f407xx.o(.text)
    DMA1_Stream6_IRQHandler                  0x08000277   Thumb Code     0  startup_stm32f407xx.o(.text)
    DMA1_Stream7_IRQHandler                  0x08000277   Thumb Code     0  startup_stm32f407xx.o(.text)
    DMA2_Stream0_IRQHandler                  0x08000277   Thumb Code     0  startup_stm32f407xx.o(.text)
    DMA2_Stream1_IRQHandler                  0x08000277   Thumb Code     0  startup_stm32f407xx.o(.text)
    DMA2_Stream2_IRQHandler                  0x08000277   Thumb Code     0  startup_stm32f407xx.o(.text)
    DMA2_Stream3_IRQHandler                  0x08000277   Thumb Code     0  startup_stm32f407xx.o(.text)
    DMA2_Stream4_IRQHandler                  0x08000277   Thumb Code     0  startup_stm32f407xx.o(.text)
    DMA2_Stream5_IRQHandler                  0x08000277   Thumb Code     0  startup_stm32f407xx.o(.text)
    DMA2_Stream6_IRQHandler                  0x08000277   Thumb Code     0  startup_stm32f407xx.o(.text)
    DMA2_Stream7_IRQHandler                  0x08000277   Thumb Code     0  startup_stm32f407xx.o(.text)
    ETH_IRQHandler                           0x08000277   Thumb Code     0  startup_stm32f407xx.o(.text)
    ETH_WKUP_IRQHandler                      0x08000277   Thumb Code     0  startup_stm32f407xx.o(.text)
    EXTI15_10_IRQHandler                     0x08000277   Thumb Code     0  startup_stm32f407xx.o(.text)
    EXTI1_IRQHandler                         0x08000277   Thumb Code     0  startup_stm32f407xx.o(.text)
    EXTI2_IRQHandler                         0x08000277   Thumb Code     0  startup_stm32f407xx.o(.text)
    EXTI4_IRQHandler                         0x08000277   Thumb Code     0  startup_stm32f407xx.o(.text)
    EXTI9_5_IRQHandler                       0x08000277   Thumb Code     0  startup_stm32f407xx.o(.text)
    FLASH_IRQHandler                         0x08000277   Thumb Code     0  startup_stm32f407xx.o(.text)
    FMC_IRQHandler                           0x08000277   Thumb Code     0  startup_stm32f407xx.o(.text)
    FPU_IRQHandler                           0x08000277   Thumb Code     0  startup_stm32f407xx.o(.text)
    HASH_RNG_IRQHandler                      0x08000277   Thumb Code     0  startup_stm32f407xx.o(.text)
    I2C1_ER_IRQHandler                       0x08000277   Thumb Code     0  startup_stm32f407xx.o(.text)
    I2C1_EV_IRQHandler                       0x08000277   Thumb Code     0  startup_stm32f407xx.o(.text)
    I2C2_ER_IRQHandler                       0x08000277   Thumb Code     0  startup_stm32f407xx.o(.text)
    I2C2_EV_IRQHandler                       0x08000277   Thumb Code     0  startup_stm32f407xx.o(.text)
    I2C3_ER_IRQHandler                       0x08000277   Thumb Code     0  startup_stm32f407xx.o(.text)
    I2C3_EV_IRQHandler                       0x08000277   Thumb Code     0  startup_stm32f407xx.o(.text)
    OTG_FS_IRQHandler                        0x08000277   Thumb Code     0  startup_stm32f407xx.o(.text)
    OTG_FS_WKUP_IRQHandler                   0x08000277   Thumb Code     0  startup_stm32f407xx.o(.text)
    OTG_HS_EP1_IN_IRQHandler                 0x08000277   Thumb Code     0  startup_stm32f407xx.o(.text)
    OTG_HS_EP1_OUT_IRQHandler                0x08000277   Thumb Code     0  startup_stm32f407xx.o(.text)
    OTG_HS_IRQHandler                        0x08000277   Thumb Code     0  startup_stm32f407xx.o(.text)
    OTG_HS_WKUP_IRQHandler                   0x08000277   Thumb Code     0  startup_stm32f407xx.o(.text)
    PVD_IRQHandler                           0x08000277   Thumb Code     0  startup_stm32f407xx.o(.text)
    RCC_IRQHandler                           0x08000277   Thumb Code     0  startup_stm32f407xx.o(.text)
    RTC_Alarm_IRQHandler                     0x08000277   Thumb Code     0  startup_stm32f407xx.o(.text)
    RTC_WKUP_IRQHandler                      0x08000277   Thumb Code     0  startup_stm32f407xx.o(.text)
    SDIO_IRQHandler                          0x08000277   Thumb Code     0  startup_stm32f407xx.o(.text)
    SPI1_IRQHandler                          0x08000277   Thumb Code     0  startup_stm32f407xx.o(.text)
    SPI2_IRQHandler                          0x08000277   Thumb Code     0  startup_stm32f407xx.o(.text)
    SPI3_IRQHandler                          0x08000277   Thumb Code     0  startup_stm32f407xx.o(.text)
    TAMP_STAMP_IRQHandler                    0x08000277   Thumb Code     0  startup_stm32f407xx.o(.text)
    TIM1_BRK_TIM9_IRQHandler                 0x08000277   Thumb Code     0  startup_stm32f407xx.o(.text)
    TIM1_CC_IRQHandler                       0x08000277   Thumb Code     0  startup_stm32f407xx.o(.text)
    TIM1_TRG_COM_TIM11_IRQHandler            0x08000277   Thumb Code     0  startup_stm32f407xx.o(.text)
    TIM2_IRQHandler                          0x08000277   Thumb Code     0  startup_stm32f407xx.o(.text)
    TIM3_IRQHandler                          0x08000277   Thumb Code     0  startup_stm32f407xx.o(.text)
    TIM4_IRQHandler                          0x08000277   Thumb Code     0  startup_stm32f407xx.o(.text)
    TIM5_IRQHandler                          0x08000277   Thumb Code     0  startup_stm32f407xx.o(.text)
    TIM6_DAC_IRQHandler                      0x08000277   Thumb Code     0  startup_stm32f407xx.o(.text)
    TIM7_IRQHandler                          0x08000277   Thumb Code     0  startup_stm32f407xx.o(.text)
    TIM8_BRK_TIM12_IRQHandler                0x08000277   Thumb Code     0  startup_stm32f407xx.o(.text)
    TIM8_CC_IRQHandler                       0x08000277   Thumb Code     0  startup_stm32f407xx.o(.text)
    TIM8_TRG_COM_TIM14_IRQHandler            0x08000277   Thumb Code     0  startup_stm32f407xx.o(.text)
    TIM8_UP_TIM13_IRQHandler                 0x08000277   Thumb Code     0  startup_stm32f407xx.o(.text)
    UART4_IRQHandler                         0x08000277   Thumb Code     0  startup_stm32f407xx.o(.text)
    UART5_IRQHandler                         0x08000277   Thumb Code     0  startup_stm32f407xx.o(.text)
    USART1_IRQHandler                        0x08000277   Thumb Code     0  startup_stm32f407xx.o(.text)
    USART2_IRQHandler                        0x08000277   Thumb Code     0  startup_stm32f407xx.o(.text)
    USART3_IRQHandler                        0x08000277   Thumb Code     0  startup_stm32f407xx.o(.text)
    USART6_IRQHandler                        0x08000277   Thumb Code     0  startup_stm32f407xx.o(.text)
    WWDG_IRQHandler                          0x08000277   Thumb Code     0  startup_stm32f407xx.o(.text)
    __aeabi_uldivmod                         0x08000281   Thumb Code    98  uldiv.o(.text)
    abs                                      0x080002e3   Thumb Code     8  siabs.o(.text)
    __aeabi_memcpy                           0x080002eb   Thumb Code    36  memcpya.o(.text)
    __aeabi_memcpy4                          0x080002eb   Thumb Code     0  memcpya.o(.text)
    __aeabi_memcpy8                          0x080002eb   Thumb Code     0  memcpya.o(.text)
    __aeabi_memset                           0x0800030f   Thumb Code    14  memseta.o(.text)
    __aeabi_memset4                          0x0800030f   Thumb Code     0  memseta.o(.text)
    __aeabi_memset8                          0x0800030f   Thumb Code     0  memseta.o(.text)
    __aeabi_memclr                           0x0800031d   Thumb Code     4  memseta.o(.text)
    __aeabi_memclr4                          0x0800031d   Thumb Code     0  memseta.o(.text)
    __aeabi_memclr8                          0x0800031d   Thumb Code     0  memseta.o(.text)
    _memset$wrapper                          0x08000321   Thumb Code    18  memseta.o(.text)
    __aeabi_dadd                             0x08000333   Thumb Code   322  dadd.o(.text)
    __aeabi_dsub                             0x08000475   Thumb Code     6  dadd.o(.text)
    __aeabi_drsub                            0x0800047b   Thumb Code     6  dadd.o(.text)
    __aeabi_dmul                             0x08000481   Thumb Code   228  dmul.o(.text)
    __aeabi_ddiv                             0x08000565   Thumb Code   222  ddiv.o(.text)
    __aeabi_i2d                              0x08000643   Thumb Code    34  dflti.o(.text)
    __aeabi_d2iz                             0x08000665   Thumb Code    62  dfixi.o(.text)
    __aeabi_f2d                              0x080006a3   Thumb Code    38  f2d.o(.text)
    __aeabi_llsl                             0x080006c9   Thumb Code    30  llshl.o(.text)
    _ll_shift_l                              0x080006c9   Thumb Code     0  llshl.o(.text)
    __aeabi_llsr                             0x080006e7   Thumb Code    32  llushr.o(.text)
    _ll_ushift_r                             0x080006e7   Thumb Code     0  llushr.o(.text)
    __aeabi_lasr                             0x08000707   Thumb Code    36  llsshr.o(.text)
    _ll_sshift_r                             0x08000707   Thumb Code     0  llsshr.o(.text)
    __I$use$fp                               0x0800072b   Thumb Code     0  iusefp.o(.text)
    _double_round                            0x0800072b   Thumb Code    30  depilogue.o(.text)
    _double_epilogue                         0x08000749   Thumb Code   156  depilogue.o(.text)
    _dsqrt                                   0x080007e5   Thumb Code   162  dsqrt.o(.text)
    __aeabi_cdcmpeq                          0x08000889   Thumb Code     0  cdcmple.o(.text)
    __aeabi_cdcmple                          0x08000889   Thumb Code    48  cdcmple.o(.text)
    __scatterload                            0x080008b9   Thumb Code    28  init.o(.text)
    __scatterload_rt2                        0x080008b9   Thumb Code     0  init.o(.text)
    BusFault_Handler                         0x08000a01   Thumb Code     2  stm32f4xx_it.o(i.BusFault_Handler)
    CAN1_RX0_IRQHandler                      0x08000a05   Thumb Code     6  stm32f4xx_it.o(i.CAN1_RX0_IRQHandler)
    DebugMon_Handler                         0x08000a11   Thumb Code     2  stm32f4xx_it.o(i.DebugMon_Handler)
    EXTI0_IRQHandler                         0x08000a13   Thumb Code     6  stm32f4xx_it.o(i.EXTI0_IRQHandler)
    EXTI3_IRQHandler                         0x08000a19   Thumb Code     6  stm32f4xx_it.o(i.EXTI3_IRQHandler)
    HAL_ADC_ConfigChannel                    0x08000a21   Thumb Code   316  stm32f4xx_hal_adc.o(i.HAL_ADC_ConfigChannel)
    HAL_ADC_GetValue                         0x08000b6d   Thumb Code     6  stm32f4xx_hal_adc.o(i.HAL_ADC_GetValue)
    HAL_ADC_Init                             0x08000b73   Thumb Code    84  stm32f4xx_hal_adc.o(i.HAL_ADC_Init)
    HAL_ADC_MspInit                          0x08000bc9   Thumb Code    84  stm32f4xx_hal_msp.o(i.HAL_ADC_MspInit)
    HAL_ADC_PollForConversion                0x08000c29   Thumb Code   162  stm32f4xx_hal_adc.o(i.HAL_ADC_PollForConversion)
    HAL_ADC_Start                            0x08000ccd   Thumb Code   170  stm32f4xx_hal_adc.o(i.HAL_ADC_Start)
    HAL_CAN_ErrorCallback                    0x08000d89   Thumb Code     2  stm32f4xx_hal_can.o(i.HAL_CAN_ErrorCallback)
    HAL_CAN_IRQHandler                       0x08000d8b   Thumb Code   508  stm32f4xx_hal_can.o(i.HAL_CAN_IRQHandler)
    HAL_CAN_Init                             0x08000f87   Thumb Code   282  stm32f4xx_hal_can.o(i.HAL_CAN_Init)
    HAL_CAN_MspInit                          0x080010a1   Thumb Code   110  stm32f4xx_hal_msp.o(i.HAL_CAN_MspInit)
    HAL_CAN_RxFifo0FullCallback              0x0800111d   Thumb Code     2  stm32f4xx_hal_can.o(i.HAL_CAN_RxFifo0FullCallback)
    HAL_CAN_RxFifo0MsgPendingCallback        0x0800111f   Thumb Code     2  stm32f4xx_hal_can.o(i.HAL_CAN_RxFifo0MsgPendingCallback)
    HAL_CAN_RxFifo1FullCallback              0x08001121   Thumb Code     2  stm32f4xx_hal_can.o(i.HAL_CAN_RxFifo1FullCallback)
    HAL_CAN_RxFifo1MsgPendingCallback        0x08001123   Thumb Code     2  stm32f4xx_hal_can.o(i.HAL_CAN_RxFifo1MsgPendingCallback)
    HAL_CAN_SleepCallback                    0x08001125   Thumb Code     2  stm32f4xx_hal_can.o(i.HAL_CAN_SleepCallback)
    HAL_CAN_TxMailbox0AbortCallback          0x08001127   Thumb Code     2  stm32f4xx_hal_can.o(i.HAL_CAN_TxMailbox0AbortCallback)
    HAL_CAN_TxMailbox0CompleteCallback       0x08001129   Thumb Code     2  stm32f4xx_hal_can.o(i.HAL_CAN_TxMailbox0CompleteCallback)
    HAL_CAN_TxMailbox1AbortCallback          0x0800112b   Thumb Code     2  stm32f4xx_hal_can.o(i.HAL_CAN_TxMailbox1AbortCallback)
    HAL_CAN_TxMailbox1CompleteCallback       0x0800112d   Thumb Code     2  stm32f4xx_hal_can.o(i.HAL_CAN_TxMailbox1CompleteCallback)
    HAL_CAN_TxMailbox2AbortCallback          0x0800112f   Thumb Code     2  stm32f4xx_hal_can.o(i.HAL_CAN_TxMailbox2AbortCallback)
    HAL_CAN_TxMailbox2CompleteCallback       0x08001131   Thumb Code     2  stm32f4xx_hal_can.o(i.HAL_CAN_TxMailbox2CompleteCallback)
    HAL_CAN_WakeUpFromRxMsgCallback          0x08001133   Thumb Code     2  stm32f4xx_hal_can.o(i.HAL_CAN_WakeUpFromRxMsgCallback)
    HAL_GPIO_EXTI_Callback                   0x08001135   Thumb Code    18  main.o(i.HAL_GPIO_EXTI_Callback)
    HAL_GPIO_EXTI_IRQHandler                 0x0800114d   Thumb Code    18  stm32f4xx_hal_gpio.o(i.HAL_GPIO_EXTI_IRQHandler)
    HAL_GPIO_Init                            0x08001165   Thumb Code   388  stm32f4xx_hal_gpio.o(i.HAL_GPIO_Init)
    HAL_GPIO_ReadPin                         0x08001315   Thumb Code    10  stm32f4xx_hal_gpio.o(i.HAL_GPIO_ReadPin)
    HAL_GPIO_WritePin                        0x0800131f   Thumb Code    10  stm32f4xx_hal_gpio.o(i.HAL_GPIO_WritePin)
    HAL_GetTick                              0x08001329   Thumb Code     6  stm32f4xx_hal.o(i.HAL_GetTick)
    HAL_IncTick                              0x08001335   Thumb Code    12  stm32f4xx_hal.o(i.HAL_IncTick)
    HAL_Init                                 0x08001345   Thumb Code    48  stm32f4xx_hal.o(i.HAL_Init)
    HAL_InitTick                             0x08001379   Thumb Code   100  stm32f4xx_hal_timebase_tim.o(i.HAL_InitTick)
    HAL_MspInit                              0x080013ed   Thumb Code    52  stm32f4xx_hal_msp.o(i.HAL_MspInit)
    HAL_NVIC_EnableIRQ                       0x08001425   Thumb Code    22  stm32f4xx_hal_cortex.o(i.HAL_NVIC_EnableIRQ)
    HAL_NVIC_SetPriority                     0x0800143d   Thumb Code    60  stm32f4xx_hal_cortex.o(i.HAL_NVIC_SetPriority)
    HAL_NVIC_SetPriorityGrouping             0x0800147d   Thumb Code    26  stm32f4xx_hal_cortex.o(i.HAL_NVIC_SetPriorityGrouping)
    HAL_RCC_ClockConfig                      0x080014a1   Thumb Code   286  stm32f4xx_hal_rcc.o(i.HAL_RCC_ClockConfig)
    HAL_RCC_GetClockConfig                   0x080015d1   Thumb Code    54  stm32f4xx_hal_rcc.o(i.HAL_RCC_GetClockConfig)
    HAL_RCC_GetPCLK2Freq                     0x08001611   Thumb Code    20  stm32f4xx_hal_rcc.o(i.HAL_RCC_GetPCLK2Freq)
    HAL_RCC_GetSysClockFreq                  0x08001631   Thumb Code    88  stm32f4xx_hal_rcc.o(i.HAL_RCC_GetSysClockFreq)
    HAL_RCC_OscConfig                        0x08001691   Thumb Code   770  stm32f4xx_hal_rcc.o(i.HAL_RCC_OscConfig)
    HAL_SPI_Init                             0x080019ad   Thumb Code   128  stm32f4xx_hal_spi.o(i.HAL_SPI_Init)
    HAL_SPI_MspInit                          0x08001a2d   Thumb Code    92  stm32f4xx_hal_msp.o(i.HAL_SPI_MspInit)
    HAL_SPI_Receive                          0x08001a95   Thumb Code   336  stm32f4xx_hal_spi.o(i.HAL_SPI_Receive)
    HAL_SPI_Transmit                         0x08001be5   Thumb Code   360  stm32f4xx_hal_spi.o(i.HAL_SPI_Transmit)
    HAL_SPI_TransmitReceive                  0x08001d4d   Thumb Code   472  stm32f4xx_hal_spi.o(i.HAL_SPI_TransmitReceive)
    HAL_TIMEx_BreakCallback                  0x08001f25   Thumb Code     2  stm32f4xx_hal_tim_ex.o(i.HAL_TIMEx_BreakCallback)
    HAL_TIMEx_CommutationCallback            0x08001f27   Thumb Code     2  stm32f4xx_hal_tim_ex.o(i.HAL_TIMEx_CommutationCallback)
    HAL_TIM_Base_Init                        0x08001f29   Thumb Code    54  stm32f4xx_hal_tim.o(i.HAL_TIM_Base_Init)
    HAL_TIM_Base_MspInit                     0x08001f5f   Thumb Code     2  stm32f4xx_hal_tim.o(i.HAL_TIM_Base_MspInit)
    HAL_TIM_Base_Start_IT                    0x08001f61   Thumb Code    24  stm32f4xx_hal_tim.o(i.HAL_TIM_Base_Start_IT)
    HAL_TIM_IC_CaptureCallback               0x08001f79   Thumb Code     2  stm32f4xx_hal_tim.o(i.HAL_TIM_IC_CaptureCallback)
    HAL_TIM_IRQHandler                       0x08001f7b   Thumb Code   358  stm32f4xx_hal_tim.o(i.HAL_TIM_IRQHandler)
    HAL_TIM_OC_DelayElapsedCallback          0x080020e1   Thumb Code     2  stm32f4xx_hal_tim.o(i.HAL_TIM_OC_DelayElapsedCallback)
    HAL_TIM_PWM_PulseFinishedCallback        0x080020e3   Thumb Code     2  stm32f4xx_hal_tim.o(i.HAL_TIM_PWM_PulseFinishedCallback)
    HAL_TIM_PeriodElapsedCallback            0x080020e5   Thumb Code    14  main.o(i.HAL_TIM_PeriodElapsedCallback)
    HAL_TIM_TriggerCallback                  0x080020f9   Thumb Code     2  stm32f4xx_hal_tim.o(i.HAL_TIM_TriggerCallback)
    HardFault_Handler                        0x080020fb   Thumb Code     2  stm32f4xx_it.o(i.HardFault_Handler)
    InitLIS3DSHI                             0x080020fd   Thumb Code    98  main.o(i.InitLIS3DSHI)
    MemManage_Handler                        0x0800235d   Thumb Code     2  stm32f4xx_it.o(i.MemManage_Handler)
    NMI_Handler                              0x0800235f   Thumb Code     2  stm32f4xx_it.o(i.NMI_Handler)
    RelaxDetectionTask                       0x08002381   Thumb Code    62  main.o(i.RelaxDetectionTask)
    RiskDetectionTask                        0x080023c9   Thumb Code   166  main.o(i.RiskDetectionTask)
    SPI_Read                                 0x08002495   Thumb Code    66  main.o(i.SPI_Read)
    SteeringWheelTask                        0x0800257d   Thumb Code   172  main.o(i.SteeringWheelTask)
    SysTick_Handler                          0x0800263d   Thumb Code    38  port.o(i.SysTick_Handler)
    SystemClock_Config                       0x08002669   Thumb Code   126  main.o(i.SystemClock_Config)
    SystemInit                               0x080026f1   Thumb Code    66  system_stm32f4xx.o(i.SystemInit)
    TIM1_UP_TIM10_IRQHandler                 0x08002745   Thumb Code     6  stm32f4xx_it.o(i.TIM1_UP_TIM10_IRQHandler)
    TIM_Base_SetConfig                       0x08002751   Thumb Code   148  stm32f4xx_hal_tim.o(i.TIM_Base_SetConfig)
    TiltHeadTask                             0x08002811   Thumb Code   502  main.o(i.TiltHeadTask)
    UpdateModeTask                           0x08002a2d   Thumb Code    38  main.o(i.UpdateModeTask)
    UsageFault_Handler                       0x08002a59   Thumb Code     2  stm32f4xx_it.o(i.UsageFault_Handler)
    __ARM_fpclassify                         0x08002a5b   Thumb Code    48  fpclassify.o(i.__ARM_fpclassify)
    __hardfp_atan                            0x08002a91   Thumb Code   622  atan.o(i.__hardfp_atan)
    __hardfp_atan2                           0x08002d69   Thumb Code   448  atan2.o(i.__hardfp_atan2)
    __hardfp_sqrt                            0x08002f69   Thumb Code   122  sqrt.o(i.__hardfp_sqrt)
    __kernel_poly                            0x08002fe3   Thumb Code   248  poly.o(i.__kernel_poly)
    __mathlib_dbl_infnan                     0x080030db   Thumb Code    20  dunder.o(i.__mathlib_dbl_infnan)
    __mathlib_dbl_infnan2                    0x080030ef   Thumb Code    20  dunder.o(i.__mathlib_dbl_infnan2)
    __mathlib_dbl_underflow                  0x08003109   Thumb Code    24  dunder.o(i.__mathlib_dbl_underflow)
    __scatterload_copy                       0x08003129   Thumb Code    14  handlers.o(i.__scatterload_copy)
    __scatterload_null                       0x08003137   Thumb Code     2  handlers.o(i.__scatterload_null)
    __scatterload_zeroinit                   0x08003139   Thumb Code    14  handlers.o(i.__scatterload_zeroinit)
    __set_errno                              0x08003149   Thumb Code     6  errno.o(i.__set_errno)
    atan                                     0x08003155   Thumb Code    16  atan.o(i.atan)
    fabs                                     0x08003165   Thumb Code    24  fabs.o(i.fabs)
    main                                     0x0800317d   Thumb Code   152  main.o(i.main)
    osKernelStart                            0x08003285   Thumb Code    10  cmsis_os.o(i.osKernelStart)
    pvPortMalloc                             0x0800367d   Thumb Code   210  heap_4.o(i.pvPortMalloc)
    pvTaskIncrementMutexHeldCount            0x08003755   Thumb Code    18  tasks.o(i.pvTaskIncrementMutexHeldCount)
    pxPortInitialiseStack                    0x0800376d   Thumb Code    40  port.o(i.pxPortInitialiseStack)
    uxListRemove                             0x08003799   Thumb Code    36  list.o(i.uxListRemove)
    vListInitialise                          0x080037bd   Thumb Code    22  list.o(i.vListInitialise)
    vListInitialiseItem                      0x080037d3   Thumb Code     6  list.o(i.vListInitialiseItem)
    vListInsert                              0x080037d9   Thumb Code    48  list.o(i.vListInsert)
    vListInsertEnd                           0x08003809   Thumb Code    24  list.o(i.vListInsertEnd)
    vPortEnterCritical                       0x08003821   Thumb Code    54  port.o(i.vPortEnterCritical)
    vPortExitCritical                        0x08003861   Thumb Code    34  port.o(i.vPortExitCritical)
    vPortFree                                0x08003889   Thumb Code    88  heap_4.o(i.vPortFree)
    vPortSetupTimerInterrupt                 0x080038e5   Thumb Code    26  port.o(i.vPortSetupTimerInterrupt)
    vPortValidateInterruptPriority           0x08003905   Thumb Code    74  port.o(i.vPortValidateInterruptPriority)
    vTaskDelayUntil                          0x08003959   Thumb Code   132  tasks.o(i.vTaskDelayUntil)
    vTaskMissedYield                         0x080039e5   Thumb Code     8  tasks.o(i.vTaskMissedYield)
    vTaskPlaceOnEventList                    0x080039f1   Thumb Code    44  tasks.o(i.vTaskPlaceOnEventList)
    vTaskPriorityInherit                     0x08003a21   Thumb Code   124  tasks.o(i.vTaskPriorityInherit)
    vTaskSetTimeOutState                     0x08003aa5   Thumb Code    30  tasks.o(i.vTaskSetTimeOutState)
    vTaskStartScheduler                      0x08003ac9   Thumb Code    86  tasks.o(i.vTaskStartScheduler)
    vTaskSuspendAll                          0x08003b31   Thumb Code    10  tasks.o(i.vTaskSuspendAll)
    vTaskSwitchContext                       0x08003b41   Thumb Code    82  tasks.o(i.vTaskSwitchContext)
    xPortStartScheduler                      0x08003b9d   Thumb Code   202  port.o(i.xPortStartScheduler)
    xQueueGenericCreate                      0x08003c7d   Thumb Code    72  queue.o(i.xQueueGenericCreate)
    xQueueGenericReceive                     0x08003cc5   Thumb Code   360  queue.o(i.xQueueGenericReceive)
    xQueueGenericReset                       0x08003e31   Thumb Code   132  queue.o(i.xQueueGenericReset)
    xQueueGiveFromISR                        0x08003eb9   Thumb Code   156  queue.o(i.xQueueGiveFromISR)
    xTaskCheckForTimeOut                     0x08003f55   Thumb Code   102  tasks.o(i.xTaskCheckForTimeOut)
    xTaskCreate                              0x08003fc1   Thumb Code    86  tasks.o(i.xTaskCreate)
    xTaskGetSchedulerState                   0x08004019   Thumb Code    22  tasks.o(i.xTaskGetSchedulerState)
    xTaskGetTickCount                        0x08004035   Thumb Code     6  tasks.o(i.xTaskGetTickCount)
    xTaskIncrementTick                       0x08004041   Thumb Code   192  tasks.o(i.xTaskIncrementTick)
    xTaskRemoveFromEventList                 0x08004109   Thumb Code   108  tasks.o(i.xTaskRemoveFromEventList)
    xTaskResumeAll                           0x0800417d   Thumb Code   182  tasks.o(i.xTaskResumeAll)
    AHBPrescTable                            0x08004240   Data          16  system_stm32f4xx.o(.constdata)
    APBPrescTable                            0x08004250   Data           8  system_stm32f4xx.o(.constdata)
    __mathlib_zero                           0x080042f0   Data           8  qnan.o(.constdata)
    Region$$Table$$Base                      0x080042f8   Number         0  anon$$obj.o(Region$$Table)
    Region$$Table$$Limit                     0x08004318   Number         0  anon$$obj.o(Region$$Table)
    steeringWhellGrip                        0x20000000   Data           1  main.o(.data)
    Ix1                                      0x20000001   Data           1  main.o(.data)
    Ix2                                      0x20000002   Data           1  main.o(.data)
    Iy1                                      0x20000003   Data           1  main.o(.data)
    Iy2                                      0x20000004   Data           1  main.o(.data)
    Iz1                                      0x20000005   Data           1  main.o(.data)
    Iz2                                      0x20000006   Data           1  main.o(.data)
    spiTxBuf                                 0x20000007   Data           2  main.o(.data)
    spiRxBuf                                 0x20000009   Data           2  main.o(.data)
    TiltHeadTaskHandle                       0x2000000c   Data           4  main.o(.data)
    SteeringWheelTaskHandle                  0x20000010   Data           4  main.o(.data)
    RelaxDetectionTaskHandle                 0x20000014   Data           4  main.o(.data)
    RiskDetectionTaskHandle                  0x20000018   Data           4  main.o(.data)
    UpdateModeTaskHandle                     0x2000001c   Data           4  main.o(.data)
    xSemaphoreUpdateMode                     0x20000020   Data           4  main.o(.data)
    currentSteeringWheelAngle                0x20000024   Data           4  main.o(.data)
    previousSteeringWheelAngle               0x20000028   Data           4  main.o(.data)
    tempSteeringWheelAngle                   0x2000002c   Data           4  main.o(.data)
    riskSmartphoneUse                        0x20000030   Data           4  main.o(.data)
    riskDistraction                          0x20000034   Data           4  main.o(.data)
    riskDrowsiness                           0x20000038   Data           4  main.o(.data)
    riskLevel2                               0x2000003c   Data           4  main.o(.data)
    relaxSymptom                             0x20000040   Data           4  main.o(.data)
    swerveSymptom                            0x20000044   Data           4  main.o(.data)
    drowsinessSymptom                        0x20000048   Data           4  main.o(.data)
    functionMode                             0x2000004c   Data           4  main.o(.data)
    ContTarea1                               0x20000050   Data           4  main.o(.data)
    Ix                                       0x20000054   Data           4  main.o(.data)
    Iy                                       0x20000058   Data           4  main.o(.data)
    Iz                                       0x2000005c   Data           4  main.o(.data)
    X                                        0x20000060   Data           8  main.o(.data)
    Y                                        0x20000068   Data           8  main.o(.data)
    Z                                        0x20000070   Data           8  main.o(.data)
    currentRotX                              0x20000078   Data           8  main.o(.data)
    currentRotY                              0x20000080   Data           8  main.o(.data)
    previousRotX                             0x20000088   Data           8  main.o(.data)
    previousRotY                             0x20000090   Data           8  main.o(.data)
    uwTickFreq                               0x20000098   Data           1  stm32f4xx_hal.o(.data)
    uwTickPrio                               0x2000009c   Data           4  stm32f4xx_hal.o(.data)
    uwTick                                   0x200000a0   Data           4  stm32f4xx_hal.o(.data)
    SystemCoreClock                          0x200000a4   Data           4  system_stm32f4xx.o(.data)
    pxCurrentTCB                             0x200000a8   Data           4  tasks.o(.data)
    hadc1                                    0x2000010c   Data          72  main.o(.bss)
    hcan1                                    0x20000154   Data          40  main.o(.bss)
    hspi1                                    0x2000017c   Data          88  main.o(.bss)
    htim1                                    0x200001d4   Data          60  stm32f4xx_hal_timebase_tim.o(.bss)
    __initial_sp                             0x20004300   Data           0  startup_stm32f407xx.o(STACK)



==============================================================================

Memory Map of the image

  Image Entry point : 0x08000189

  Load Region LR_IROM1 (Base: 0x08000000, Size: 0x00004424, Max: 0x00100000, ABSOLUTE)

    Execution Region ER_IROM1 (Exec base: 0x08000000, Load base: 0x08000000, Size: 0x00004318, Max: 0x00100000, ABSOLUTE)

    Exec Addr    Load Addr    Size         Type   Attr      Idx    E Section Name        Object

    0x08000000   0x08000000   0x00000188   Data   RO            3    RESET               startup_stm32f407xx.o
    0x08000188   0x08000188   0x00000000   Code   RO         4381  * .ARM.Collect$$$$00000000  mc_w.l(entry.o)
    0x08000188   0x08000188   0x00000004   Code   RO         4443    .ARM.Collect$$$$00000001  mc_w.l(entry2.o)
    0x0800018c   0x0800018c   0x00000004   Code   RO         4446    .ARM.Collect$$$$00000004  mc_w.l(entry5.o)
    0x08000190   0x08000190   0x00000000   Code   RO         4448    .ARM.Collect$$$$00000008  mc_w.l(entry7b.o)
    0x08000190   0x08000190   0x00000000   Code   RO         4450    .ARM.Collect$$$$0000000A  mc_w.l(entry8b.o)
    0x08000190   0x08000190   0x00000008   Code   RO         4451    .ARM.Collect$$$$0000000B  mc_w.l(entry9a.o)
    0x08000198   0x08000198   0x00000004   Code   RO         4458    .ARM.Collect$$$$0000000E  mc_w.l(entry12b.o)
    0x0800019c   0x0800019c   0x00000000   Code   RO         4453    .ARM.Collect$$$$0000000F  mc_w.l(entry10a.o)
    0x0800019c   0x0800019c   0x00000000   Code   RO         4455    .ARM.Collect$$$$00000011  mc_w.l(entry11a.o)
    0x0800019c   0x0800019c   0x00000004   Code   RO         4444    .ARM.Collect$$$$00002712  mc_w.l(entry2.o)
    0x080001a0   0x080001a0   0x000000ba   Code   RO         4280    .emb_text           port.o
    0x0800025a   0x0800025a   0x00000002   PAD
    0x0800025c   0x0800025c   0x00000024   Code   RO            4    .text               startup_stm32f407xx.o
    0x08000280   0x08000280   0x00000062   Code   RO         4384    .text               mc_w.l(uldiv.o)
    0x080002e2   0x080002e2   0x00000008   Code   RO         4386    .text               mc_w.l(siabs.o)
    0x080002ea   0x080002ea   0x00000024   Code   RO         4390    .text               mc_w.l(memcpya.o)
    0x0800030e   0x0800030e   0x00000024   Code   RO         4392    .text               mc_w.l(memseta.o)
    0x08000332   0x08000332   0x0000014e   Code   RO         4396    .text               mf_w.l(dadd.o)
    0x08000480   0x08000480   0x000000e4   Code   RO         4398    .text               mf_w.l(dmul.o)
    0x08000564   0x08000564   0x000000de   Code   RO         4400    .text               mf_w.l(ddiv.o)
    0x08000642   0x08000642   0x00000022   Code   RO         4402    .text               mf_w.l(dflti.o)
    0x08000664   0x08000664   0x0000003e   Code   RO         4404    .text               mf_w.l(dfixi.o)
    0x080006a2   0x080006a2   0x00000026   Code   RO         4406    .text               mf_w.l(f2d.o)
    0x080006c8   0x080006c8   0x0000001e   Code   RO         4459    .text               mc_w.l(llshl.o)
    0x080006e6   0x080006e6   0x00000020   Code   RO         4461    .text               mc_w.l(llushr.o)
    0x08000706   0x08000706   0x00000024   Code   RO         4463    .text               mc_w.l(llsshr.o)
    0x0800072a   0x0800072a   0x00000000   Code   RO         4472    .text               mc_w.l(iusefp.o)
    0x0800072a   0x0800072a   0x000000ba   Code   RO         4473    .text               mf_w.l(depilogue.o)
    0x080007e4   0x080007e4   0x000000a2   Code   RO         4477    .text               mf_w.l(dsqrt.o)
    0x08000886   0x08000886   0x00000002   PAD
    0x08000888   0x08000888   0x00000030   Code   RO         4479    .text               mf_w.l(cdcmple.o)
    0x080008b8   0x080008b8   0x00000024   Code   RO         4485    .text               mc_w.l(init.o)
    0x080008dc   0x080008dc   0x00000124   Code   RO          503    i.ADC_Init          stm32f4xx_hal_adc.o
    0x08000a00   0x08000a00   0x00000002   Code   RO          319    i.BusFault_Handler  stm32f4xx_it.o
    0x08000a02   0x08000a02   0x00000002   PAD
    0x08000a04   0x08000a04   0x0000000c   Code   RO          320    i.CAN1_RX0_IRQHandler  stm32f4xx_it.o
    0x08000a10   0x08000a10   0x00000002   Code   RO          321    i.DebugMon_Handler  stm32f4xx_it.o
    0x08000a12   0x08000a12   0x00000006   Code   RO          322    i.EXTI0_IRQHandler  stm32f4xx_it.o
    0x08000a18   0x08000a18   0x00000006   Code   RO          323    i.EXTI3_IRQHandler  stm32f4xx_it.o
    0x08000a1e   0x08000a1e   0x00000002   PAD
    0x08000a20   0x08000a20   0x0000014c   Code   RO          505    i.HAL_ADC_ConfigChannel  stm32f4xx_hal_adc.o
    0x08000b6c   0x08000b6c   0x00000006   Code   RO          512    i.HAL_ADC_GetValue  stm32f4xx_hal_adc.o
    0x08000b72   0x08000b72   0x00000054   Code   RO          514    i.HAL_ADC_Init      stm32f4xx_hal_adc.o
    0x08000bc6   0x08000bc6   0x00000002   PAD
    0x08000bc8   0x08000bc8   0x00000060   Code   RO          402    i.HAL_ADC_MspInit   stm32f4xx_hal_msp.o
    0x08000c28   0x08000c28   0x000000a2   Code   RO          518    i.HAL_ADC_PollForConversion  stm32f4xx_hal_adc.o
    0x08000cca   0x08000cca   0x00000002   PAD
    0x08000ccc   0x08000ccc   0x000000bc   Code   RO          520    i.HAL_ADC_Start     stm32f4xx_hal_adc.o
    0x08000d88   0x08000d88   0x00000002   Code   RO          781    i.HAL_CAN_ErrorCallback  stm32f4xx_hal_can.o
    0x08000d8a   0x08000d8a   0x000001fc   Code   RO          788    i.HAL_CAN_IRQHandler  stm32f4xx_hal_can.o
    0x08000f86   0x08000f86   0x0000011a   Code   RO          789    i.HAL_CAN_Init      stm32f4xx_hal_can.o
    0x080010a0   0x080010a0   0x0000007c   Code   RO          404    i.HAL_CAN_MspInit   stm32f4xx_hal_msp.o
    0x0800111c   0x0800111c   0x00000002   Code   RO          796    i.HAL_CAN_RxFifo0FullCallback  stm32f4xx_hal_can.o
    0x0800111e   0x0800111e   0x00000002   Code   RO          797    i.HAL_CAN_RxFifo0MsgPendingCallback  stm32f4xx_hal_can.o
    0x08001120   0x08001120   0x00000002   Code   RO          798    i.HAL_CAN_RxFifo1FullCallback  stm32f4xx_hal_can.o
    0x08001122   0x08001122   0x00000002   Code   RO          799    i.HAL_CAN_RxFifo1MsgPendingCallback  stm32f4xx_hal_can.o
    0x08001124   0x08001124   0x00000002   Code   RO          800    i.HAL_CAN_SleepCallback  stm32f4xx_hal_can.o
    0x08001126   0x08001126   0x00000002   Code   RO          803    i.HAL_CAN_TxMailbox0AbortCallback  stm32f4xx_hal_can.o
    0x08001128   0x08001128   0x00000002   Code   RO          804    i.HAL_CAN_TxMailbox0CompleteCallback  stm32f4xx_hal_can.o
    0x0800112a   0x0800112a   0x00000002   Code   RO          805    i.HAL_CAN_TxMailbox1AbortCallback  stm32f4xx_hal_can.o
    0x0800112c   0x0800112c   0x00000002   Code   RO          806    i.HAL_CAN_TxMailbox1CompleteCallback  stm32f4xx_hal_can.o
    0x0800112e   0x0800112e   0x00000002   Code   RO          807    i.HAL_CAN_TxMailbox2AbortCallback  stm32f4xx_hal_can.o
    0x08001130   0x08001130   0x00000002   Code   RO          808    i.HAL_CAN_TxMailbox2CompleteCallback  stm32f4xx_hal_can.o
    0x08001132   0x08001132   0x00000002   Code   RO          810    i.HAL_CAN_WakeUpFromRxMsgCallback  stm32f4xx_hal_can.o
    0x08001134   0x08001134   0x00000018   Code   RO           14    i.HAL_GPIO_EXTI_Callback  main.o
    0x0800114c   0x0800114c   0x00000018   Code   RO         2550    i.HAL_GPIO_EXTI_IRQHandler  stm32f4xx_hal_gpio.o
    0x08001164   0x08001164   0x000001b0   Code   RO         2551    i.HAL_GPIO_Init     stm32f4xx_hal_gpio.o
    0x08001314   0x08001314   0x0000000a   Code   RO         2553    i.HAL_GPIO_ReadPin  stm32f4xx_hal_gpio.o
    0x0800131e   0x0800131e   0x0000000a   Code   RO         2555    i.HAL_GPIO_WritePin  stm32f4xx_hal_gpio.o
    0x08001328   0x08001328   0x0000000c   Code   RO         3083    i.HAL_GetTick       stm32f4xx_hal.o
    0x08001334   0x08001334   0x00000010   Code   RO         3087    i.HAL_IncTick       stm32f4xx_hal.o
    0x08001344   0x08001344   0x00000034   Code   RO         3088    i.HAL_Init          stm32f4xx_hal.o
    0x08001378   0x08001378   0x00000074   Code   RO          461    i.HAL_InitTick      stm32f4xx_hal_timebase_tim.o
    0x080013ec   0x080013ec   0x00000038   Code   RO          405    i.HAL_MspInit       stm32f4xx_hal_msp.o
    0x08001424   0x08001424   0x00000016   Code   RO         2940    i.HAL_NVIC_EnableIRQ  stm32f4xx_hal_cortex.o
    0x0800143a   0x0800143a   0x00000002   PAD
    0x0800143c   0x0800143c   0x00000040   Code   RO         2946    i.HAL_NVIC_SetPriority  stm32f4xx_hal_cortex.o
    0x0800147c   0x0800147c   0x00000024   Code   RO         2947    i.HAL_NVIC_SetPriorityGrouping  stm32f4xx_hal_cortex.o
    0x080014a0   0x080014a0   0x00000130   Code   RO         2197    i.HAL_RCC_ClockConfig  stm32f4xx_hal_rcc.o
    0x080015d0   0x080015d0   0x00000040   Code   RO         2201    i.HAL_RCC_GetClockConfig  stm32f4xx_hal_rcc.o
    0x08001610   0x08001610   0x00000020   Code   RO         2205    i.HAL_RCC_GetPCLK2Freq  stm32f4xx_hal_rcc.o
    0x08001630   0x08001630   0x00000060   Code   RO         2206    i.HAL_RCC_GetSysClockFreq  stm32f4xx_hal_rcc.o
    0x08001690   0x08001690   0x0000031c   Code   RO         2209    i.HAL_RCC_OscConfig  stm32f4xx_hal_rcc.o
    0x080019ac   0x080019ac   0x00000080   Code   RO         1020    i.HAL_SPI_Init      stm32f4xx_hal_spi.o
    0x08001a2c   0x08001a2c   0x00000068   Code   RO          407    i.HAL_SPI_MspInit   stm32f4xx_hal_msp.o
    0x08001a94   0x08001a94   0x00000150   Code   RO         1023    i.HAL_SPI_Receive   stm32f4xx_hal_spi.o
    0x08001be4   0x08001be4   0x00000168   Code   RO         1028    i.HAL_SPI_Transmit  stm32f4xx_hal_spi.o
    0x08001d4c   0x08001d4c   0x000001d8   Code   RO         1029    i.HAL_SPI_TransmitReceive  stm32f4xx_hal_spi.o
    0x08001f24   0x08001f24   0x00000002   Code   RO         1957    i.HAL_TIMEx_BreakCallback  stm32f4xx_hal_tim_ex.o
    0x08001f26   0x08001f26   0x00000002   Code   RO         1958    i.HAL_TIMEx_CommutationCallback  stm32f4xx_hal_tim_ex.o
    0x08001f28   0x08001f28   0x00000036   Code   RO         1328    i.HAL_TIM_Base_Init  stm32f4xx_hal_tim.o
    0x08001f5e   0x08001f5e   0x00000002   Code   RO         1330    i.HAL_TIM_Base_MspInit  stm32f4xx_hal_tim.o
    0x08001f60   0x08001f60   0x00000018   Code   RO         1333    i.HAL_TIM_Base_Start_IT  stm32f4xx_hal_tim.o
    0x08001f78   0x08001f78   0x00000002   Code   RO         1357    i.HAL_TIM_IC_CaptureCallback  stm32f4xx_hal_tim.o
    0x08001f7a   0x08001f7a   0x00000166   Code   RO         1370    i.HAL_TIM_IRQHandler  stm32f4xx_hal_tim.o
    0x080020e0   0x080020e0   0x00000002   Code   RO         1373    i.HAL_TIM_OC_DelayElapsedCallback  stm32f4xx_hal_tim.o
    0x080020e2   0x080020e2   0x00000002   Code   RO         1400    i.HAL_TIM_PWM_PulseFinishedCallback  stm32f4xx_hal_tim.o
    0x080020e4   0x080020e4   0x00000014   Code   RO           15    i.HAL_TIM_PeriodElapsedCallback  main.o
    0x080020f8   0x080020f8   0x00000002   Code   RO         1411    i.HAL_TIM_TriggerCallback  stm32f4xx_hal_tim.o
    0x080020fa   0x080020fa   0x00000002   Code   RO          324    i.HardFault_Handler  stm32f4xx_it.o
    0x080020fc   0x080020fc   0x00000070   Code   RO           16    i.InitLIS3DSHI      main.o
    0x0800216c   0x0800216c   0x00000038   Code   RO           17    i.MX_ADC1_Init      main.o
    0x080021a4   0x080021a4   0x00000034   Code   RO           18    i.MX_CAN1_Init      main.o
    0x080021d8   0x080021d8   0x00000150   Code   RO           19    i.MX_GPIO_Init      main.o
    0x08002328   0x08002328   0x00000034   Code   RO           20    i.MX_SPI1_Init      main.o
    0x0800235c   0x0800235c   0x00000002   Code   RO          325    i.MemManage_Handler  stm32f4xx_it.o
    0x0800235e   0x0800235e   0x00000002   Code   RO          326    i.NMI_Handler       stm32f4xx_it.o
    0x08002360   0x08002360   0x00000020   Code   RO         2953    i.NVIC_SetPriority  stm32f4xx_hal_cortex.o
    0x08002380   0x08002380   0x00000048   Code   RO           21    i.RelaxDetectionTask  main.o
    0x080023c8   0x080023c8   0x000000ac   Code   RO           22    i.RiskDetectionTask  main.o
    0x08002474   0x08002474   0x00000020   Code   RO         1044    i.SPI_CheckFlag_BSY  stm32f4xx_hal_spi.o
    0x08002494   0x08002494   0x00000050   Code   RO           23    i.SPI_Read          main.o
    0x080024e4   0x080024e4   0x00000096   Code   RO         1062    i.SPI_WaitFlagStateUntilTimeout  stm32f4xx_hal_spi.o
    0x0800257a   0x0800257a   0x00000002   PAD
    0x0800257c   0x0800257c   0x000000c0   Code   RO           24    i.SteeringWheelTask  main.o
    0x0800263c   0x0800263c   0x0000002c   Code   RO         4281    i.SysTick_Handler   port.o
    0x08002668   0x08002668   0x00000088   Code   RO           25    i.SystemClock_Config  main.o
    0x080026f0   0x080026f0   0x00000054   Code   RO         3242    i.SystemInit        system_stm32f4xx.o
    0x08002744   0x08002744   0x0000000c   Code   RO          327    i.TIM1_UP_TIM10_IRQHandler  stm32f4xx_it.o
    0x08002750   0x08002750   0x000000c0   Code   RO         1412    i.TIM_Base_SetConfig  stm32f4xx_hal_tim.o
    0x08002810   0x08002810   0x0000021c   Code   RO           26    i.TiltHeadTask      main.o
    0x08002a2c   0x08002a2c   0x0000002c   Code   RO           27    i.UpdateModeTask    main.o
    0x08002a58   0x08002a58   0x00000002   Code   RO          328    i.UsageFault_Handler  stm32f4xx_it.o
    0x08002a5a   0x08002a5a   0x00000030   Code   RO         4481    i.__ARM_fpclassify  m_wm.l(fpclassify.o)
    0x08002a8a   0x08002a8a   0x00000006   PAD
    0x08002a90   0x08002a90   0x000002d8   Code   RO         4408    i.__hardfp_atan     m_wm.l(atan.o)
    0x08002d68   0x08002d68   0x00000200   Code   RO         4357    i.__hardfp_atan2    m_wm.l(atan2.o)
    0x08002f68   0x08002f68   0x0000007a   Code   RO         4369    i.__hardfp_sqrt     m_wm.l(sqrt.o)
    0x08002fe2   0x08002fe2   0x000000f8   Code   RO         4483    i.__kernel_poly     m_wm.l(poly.o)
    0x080030da   0x080030da   0x00000014   Code   RO         4423    i.__mathlib_dbl_infnan  m_wm.l(dunder.o)
    0x080030ee   0x080030ee   0x00000014   Code   RO         4424    i.__mathlib_dbl_infnan2  m_wm.l(dunder.o)
    0x08003102   0x08003102   0x00000006   PAD
    0x08003108   0x08003108   0x00000020   Code   RO         4428    i.__mathlib_dbl_underflow  m_wm.l(dunder.o)
    0x08003128   0x08003128   0x0000000e   Code   RO         4489    i.__scatterload_copy  mc_w.l(handlers.o)
    0x08003136   0x08003136   0x00000002   Code   RO         4490    i.__scatterload_null  mc_w.l(handlers.o)
    0x08003138   0x08003138   0x0000000e   Code   RO         4491    i.__scatterload_zeroinit  mc_w.l(handlers.o)
    0x08003146   0x08003146   0x00000002   PAD
    0x08003148   0x08003148   0x0000000c   Code   RO         4467    i.__set_errno       mc_w.l(errno.o)
    0x08003154   0x08003154   0x00000010   Code   RO         4410    i.atan              m_wm.l(atan.o)
    0x08003164   0x08003164   0x00000018   Code   RO         4438    i.fabs              m_wm.l(fabs.o)
    0x0800317c   0x0800317c   0x00000108   Code   RO           28    i.main              main.o
    0x08003284   0x08003284   0x0000000a   Code   RO         3851    i.osKernelStart     cmsis_os.o
    0x0800328e   0x0800328e   0x00000002   PAD
    0x08003290   0x08003290   0x00000070   Code   RO         3551    i.prvAddCurrentTaskToDelayedList  tasks.o
    0x08003300   0x08003300   0x000000d0   Code   RO         3552    i.prvAddNewTaskToReadyList  tasks.o
    0x080033d0   0x080033d0   0x00000050   Code   RO         3553    i.prvCheckTasksWaitingTermination  tasks.o
    0x08003420   0x08003420   0x00000026   Code   RO         3411    i.prvCopyDataFromQueue  queue.o
    0x08003446   0x08003446   0x00000014   Code   RO         3554    i.prvDeleteTCB      tasks.o
    0x0800345a   0x0800345a   0x00000002   PAD
    0x0800345c   0x0800345c   0x0000004c   Code   RO         4219    i.prvHeapInit       heap_4.o
    0x080034a8   0x080034a8   0x00000028   Code   RO         3555    i.prvIdleTask       tasks.o
    0x080034d0   0x080034d0   0x0000008e   Code   RO         3556    i.prvInitialiseNewTask  tasks.o
    0x0800355e   0x0800355e   0x00000002   PAD
    0x08003560   0x08003560   0x0000004c   Code   RO         4220    i.prvInsertBlockIntoFreeList  heap_4.o
    0x080035ac   0x080035ac   0x0000001c   Code   RO         3413    i.prvIsQueueEmpty   queue.o
    0x080035c8   0x080035c8   0x00000020   Code   RO         3557    i.prvResetNextTaskUnblockTime  tasks.o
    0x080035e8   0x080035e8   0x00000028   Code   RO         4282    i.prvTaskExitError  port.o
    0x08003610   0x08003610   0x0000006a   Code   RO         3414    i.prvUnlockQueue    queue.o
    0x0800367a   0x0800367a   0x00000002   PAD
    0x0800367c   0x0800367c   0x000000d8   Code   RO         4221    i.pvPortMalloc      heap_4.o
    0x08003754   0x08003754   0x00000018   Code   RO         3559    i.pvTaskIncrementMutexHeldCount  tasks.o
    0x0800376c   0x0800376c   0x0000002c   Code   RO         4283    i.pxPortInitialiseStack  port.o
    0x08003798   0x08003798   0x00000024   Code   RO         3374    i.uxListRemove      list.o
    0x080037bc   0x080037bc   0x00000016   Code   RO         3375    i.vListInitialise   list.o
    0x080037d2   0x080037d2   0x00000006   Code   RO         3376    i.vListInitialiseItem  list.o
    0x080037d8   0x080037d8   0x00000030   Code   RO         3377    i.vListInsert       list.o
    0x08003808   0x08003808   0x00000018   Code   RO         3378    i.vListInsertEnd    list.o
    0x08003820   0x08003820   0x00000040   Code   RO         4285    i.vPortEnterCritical  port.o
    0x08003860   0x08003860   0x00000028   Code   RO         4286    i.vPortExitCritical  port.o
    0x08003888   0x08003888   0x0000005c   Code   RO         4222    i.vPortFree         heap_4.o
    0x080038e4   0x080038e4   0x00000020   Code   RO         4287    i.vPortSetupTimerInterrupt  port.o
    0x08003904   0x08003904   0x00000054   Code   RO         4288    i.vPortValidateInterruptPriority  port.o
    0x08003958   0x08003958   0x0000008c   Code   RO         3566    i.vTaskDelayUntil   tasks.o
    0x080039e4   0x080039e4   0x0000000c   Code   RO         3569    i.vTaskMissedYield  tasks.o
    0x080039f0   0x080039f0   0x00000030   Code   RO         3571    i.vTaskPlaceOnEventList  tasks.o
    0x08003a20   0x08003a20   0x00000084   Code   RO         3573    i.vTaskPriorityInherit  tasks.o
    0x08003aa4   0x08003aa4   0x00000024   Code   RO         3576    i.vTaskSetTimeOutState  tasks.o
    0x08003ac8   0x08003ac8   0x00000068   Code   RO         3577    i.vTaskStartScheduler  tasks.o
    0x08003b30   0x08003b30   0x00000010   Code   RO         3579    i.vTaskSuspendAll   tasks.o
    0x08003b40   0x08003b40   0x0000005c   Code   RO         3580    i.vTaskSwitchContext  tasks.o
    0x08003b9c   0x08003b9c   0x000000e0   Code   RO         4289    i.xPortStartScheduler  port.o
    0x08003c7c   0x08003c7c   0x00000048   Code   RO         3422    i.xQueueGenericCreate  queue.o
    0x08003cc4   0x08003cc4   0x0000016c   Code   RO         3423    i.xQueueGenericReceive  queue.o
    0x08003e30   0x08003e30   0x00000088   Code   RO         3424    i.xQueueGenericReset  queue.o
    0x08003eb8   0x08003eb8   0x0000009c   Code   RO         3427    i.xQueueGiveFromISR  queue.o
    0x08003f54   0x08003f54   0x0000006c   Code   RO         3581    i.xTaskCheckForTimeOut  tasks.o
    0x08003fc0   0x08003fc0   0x00000056   Code   RO         3582    i.xTaskCreate       tasks.o
    0x08004016   0x08004016   0x00000002   PAD
    0x08004018   0x08004018   0x0000001c   Code   RO         3586    i.xTaskGetSchedulerState  tasks.o
    0x08004034   0x08004034   0x0000000c   Code   RO         3587    i.xTaskGetTickCount  tasks.o
    0x08004040   0x08004040   0x000000c8   Code   RO         3589    i.xTaskIncrementTick  tasks.o
    0x08004108   0x08004108   0x00000074   Code   RO         3593    i.xTaskRemoveFromEventList  tasks.o
    0x0800417c   0x0800417c   0x000000c4   Code   RO         3595    i.xTaskResumeAll    tasks.o
    0x08004240   0x08004240   0x00000010   Data   RO         3243    .constdata          system_stm32f4xx.o
    0x08004250   0x08004250   0x00000008   Data   RO         3244    .constdata          system_stm32f4xx.o
    0x08004258   0x08004258   0x00000098   Data   RO         4411    .constdata          m_wm.l(atan.o)
    0x080042f0   0x080042f0   0x00000008   Data   RO         4442    .constdata          m_wm.l(qnan.o)
    0x080042f8   0x080042f8   0x00000020   Data   RO         4487    Region$$Table       anon$$obj.o


    Execution Region RW_IRAM1 (Exec base: 0x20000000, Load base: 0x08004318, Size: 0x00004300, Max: 0x00020000, ABSOLUTE)

    Exec Addr    Load Addr    Size         Type   Attr      Idx    E Section Name        Object

    0x20000000   0x08004318   0x00000098   Data   RW           30    .data               main.o
    0x20000098   0x080043b0   0x0000000c   Data   RW         3095    .data               stm32f4xx_hal.o
    0x200000a4   0x080043bc   0x00000004   Data   RW         3245    .data               system_stm32f4xx.o
    0x200000a8   0x080043c0   0x0000003c   Data   RW         3598    .data               tasks.o
    0x200000e4   0x080043fc   0x00000018   Data   RW         4227    .data               heap_4.o
    0x200000fc   0x08004414   0x0000000c   Data   RW         4290    .data               port.o
    0x20000108   0x08004420   0x00000004   Data   RW         4468    .data               mc_w.l(errno.o)
    0x2000010c        -       0x000000c8   Zero   RW           29    .bss                main.o
    0x200001d4        -       0x0000003c   Zero   RW          464    .bss                stm32f4xx_hal_timebase_tim.o
    0x20000210        -       0x000000f0   Zero   RW         3597    .bss                tasks.o
    0x20000300        -       0x00003c00   Zero   RW         4226    .bss                heap_4.o
    0x20003f00        -       0x00000400   Zero   RW            1    STACK               startup_stm32f407xx.o


==============================================================================

Image component sizes


      Code (inc. data)   RO Data    RW Data    ZI Data      Debug   Object Name

        10          0          0          0          0      10822   cmsis_os.o
         0          0          0          0          0       9596   event_groups.o
       460         24          0         24      15360       7503   heap_4.o
       136          0          0          0          0       3686   list.o
      2152        298          0        152        200     729299   main.o
       758         84          0         12          0      12177   port.o
       900          8          0          0          0       9702   queue.o
        36          8        392          0       1024        860   startup_stm32f407xx.o
        80         14          0         12          0       3370   stm32f4xx_hal.o
      1064         46          0          0          0       5370   stm32f4xx_hal_adc.o
       816          0          0          0          0      10451   stm32f4xx_hal_can.o
       154         14          0          0          0      29738   stm32f4xx_hal_cortex.o
       476         50          0          0          0       3830   stm32f4xx_hal_gpio.o
       380         42          0          0          0       3096   stm32f4xx_hal_msp.o
      1292         74          0          0          0       5350   stm32f4xx_hal_rcc.o
      1478          0          0          0          0       7086   stm32f4xx_hal_spi.o
       638         44          0          0          0       7282   stm32f4xx_hal_tim.o
         4          0          0          0          0       1682   stm32f4xx_hal_tim_ex.o
       116         16          0          0         60       1471   stm32f4xx_hal_timebase_tim.o
        48         12          0          0          0       4812   stm32f4xx_it.o
        84         18         24          4          0       1231   system_stm32f4xx.o
      1984        168          0         60        240      22908   tasks.o

    ----------------------------------------------------------------------
     13090        920        448        264      16884     891322   Object Totals
         0          0         32          0          0          0   (incl. Generated)
        24          0          0          0          0          0   (incl. Padding)

    ----------------------------------------------------------------------

      Code (inc. data)   RO Data    RW Data    ZI Data      Debug   Library Member Name

       744        106        152          0          0        352   atan.o
       512         64          0          0          0        208   atan2.o
        72          8          0          0          0        372   dunder.o
        24          0          0          0          0        124   fabs.o
        48          0          0          0          0        124   fpclassify.o
       248          0          0          0          0        152   poly.o
         0          0          8          0          0          0   qnan.o
       122          0          0          0          0        148   sqrt.o
         0          0          0          0          0          0   entry.o
         0          0          0          0          0          0   entry10a.o
         0          0          0          0          0          0   entry11a.o
         4          0          0          0          0          0   entry12b.o
         8          4          0          0          0          0   entry2.o
         4          0          0          0          0          0   entry5.o
         0          0          0          0          0          0   entry7b.o
         0          0          0          0          0          0   entry8b.o
         8          4          0          0          0          0   entry9a.o
        12          6          0          4          0         68   errno.o
        30          0          0          0          0          0   handlers.o
        36          8          0          0          0         68   init.o
         0          0          0          0          0          0   iusefp.o
        30          0          0          0          0         68   llshl.o
        36          0          0          0          0         68   llsshr.o
        32          0          0          0          0         68   llushr.o
        36          0          0          0          0         68   memcpya.o
        36          0          0          0          0        108   memseta.o
         8          0          0          0          0         68   siabs.o
        98          0          0          0          0         92   uldiv.o
        48          0          0          0          0         68   cdcmple.o
       334          0          0          0          0        148   dadd.o
       222          0          0          0          0        100   ddiv.o
       186          0          0          0          0        176   depilogue.o
        62          0          0          0          0         80   dfixi.o
        34          0          0          0          0         76   dflti.o
       228          0          0          0          0         96   dmul.o
       162          0          0          0          0        100   dsqrt.o
        38          0          0          0          0         68   f2d.o

    ----------------------------------------------------------------------
      3478        200        160          4          0       3068   Library Totals
        16          0          0          0          0          0   (incl. Padding)

    ----------------------------------------------------------------------

      Code (inc. data)   RO Data    RW Data    ZI Data      Debug   Library Name

      1770        178        160          0          0       1480   m_wm.l
       378         22          0          4          0        676   mc_w.l
      1314          0          0          0          0        912   mf_w.l

    ----------------------------------------------------------------------
      3478        200        160          4          0       3068   Library Totals

    ----------------------------------------------------------------------

==============================================================================


      Code (inc. data)   RO Data    RW Data    ZI Data      Debug   

     16568       1120        608        268      16884     880218   Grand Totals
     16568       1120        608        268      16884     880218   ELF Image Totals
     16568       1120        608        268          0          0   ROM Totals

==============================================================================

    Total RO  Size (Code + RO Data)                17176 (  16.77kB)
    Total RW  Size (RW Data + ZI Data)             17152 (  16.75kB)
    Total ROM Size (Code + RO Data + RW Data)      17444 (  17.04kB)

==============================================================================

