<html>
<body>
<pre>
<h1>µVision Build Log</h1>
<h2>Tool Versions:</h2>
IDE-Version: µVision V5.36.0.0
Copyright (C) 2021 ARM Ltd and ARM Germany GmbH. All rights reserved.
License Information: ADAB ADAB, UPM, LIC=----
 
Tool Versions:
Toolchain:       MDK-Lite  Version: 5.36.0.0
Toolchain Path:  C:\Keil_v5\ARM\ARMCC\Bin
C Compiler:      Armcc.exe V5.06 update 7 (build 960)
Assembler:       Armasm.exe V5.06 update 7 (build 960)
Linker/Locator:  ArmLink.exe V5.06 update 7 (build 960)
Library Manager: ArmAr.exe V5.06 update 7 (build 960)
Hex Converter:   FromElf.exe V5.06 update 7 (build 960)
CPU DLL:         SARMCM3.DLL V5.36.0.0
Dialog DLL:      DCM.DLL V1.17.3.0
Target DLL:      STLink\ST-LINKIII-KEIL_SWO.dll V3.0.6.0
Dialog DLL:      TCM.DLL V1.53.0.0
 
<h2>Project:</h2>
E:\Master SSED\STR\Laboratorio\Proyecto\Pinicio_done\Pinicio\MDK-ARM\P3CAN.uvprojx
Project File Date:  03/01/2022

<h2>Output:</h2>
*** Using Compiler 'V5.06 update 7 (build 960)', folder: 'C:\Keil_v5\ARM\ARMCC\Bin'
Build target 'P3CAN'
compiling main.c...
../Src/main.c(149): warning:  #167-D: argument of type "void (*)(const void *)" is incompatible with parameter of type "TaskFunction_t"
  	xTaskCreate( TiltHeadTask, "TiltHeadTask", STACK_SIZE, ( void * ) 1, tskIDLE_PRIORITY, &TiltHeadTaskHandle );   
../Src/main.c(150): warning:  #167-D: argument of type "void (*)(const void *)" is incompatible with parameter of type "TaskFunction_t"
  	xTaskCreate( SteeringWheelTask, "SteeringWheel", STACK_SIZE, ( void * ) 1, tskIDLE_PRIORITY, &SteeringWheelTaskHandle );
../Src/main.c(151): warning:  #167-D: argument of type "void (*)(const void *)" is incompatible with parameter of type "TaskFunction_t"
  	xTaskCreate( RelaxDetectionTask, "RelaxDetectionTask", STACK_SIZE, ( void * ) 1, tskIDLE_PRIORITY, &RelaxDetectionTaskHandle );   
../Src/main.c(152): warning:  #167-D: argument of type "void (*)(const void *)" is incompatible with parameter of type "TaskFunction_t"
  	xTaskCreate( RiskDetectionTask, "RiskDetectionTask", STACK_SIZE, ( void * ) 1, tskIDLE_PRIORITY, &RiskDetectionTaskHandle );   
../Src/main.c(153): warning:  #167-D: argument of type "void (*)(const void *)" is incompatible with parameter of type "TaskFunction_t"
  	xTaskCreate( UpdateModeTask, "UpdateModeTask", STACK_SIZE, ( void * ) 1, tskIDLE_PRIORITY, &UpdateModeTaskHandle );   
../Src/main.c(226): warning:  #177-D: variable "sConfig"  was declared but never referenced
    ADC_ChannelConfTypeDef sConfig = {0};
../Src/main.c(456): warning:  #223-D: function "abs" declared implicitly
      if(((abs((int)previousRotY) > 30) && (abs((int)currentRotY) > 30))		|| ((abs((int)previousRotX) > 30) && (abs((int)currentRotX) > 30))	)
../Src/main.c(495): warning:  #223-D: function "abs" declared implicitly
  		if(abs(previousSteeringWheelAngle - currentSteeringWheelAngle))
../Src/main.c(546): warning:  #223-D: function "abs" declared implicitly
  		if((abs((int)currentRotY) > 20) && (abs((int)currentRotX) > 20) && (relaxSymptom == 1))
../Src/main.c(555): warning:  #223-D: function "abs" declared implicitly
  		if(((abs((int)currentRotY) > 20) || (abs((int)currentRotX) > 20)) && (relaxSymptom == 0))
../Src/main.c: 10 warnings, 0 errors
linking...
Program Size: Code=16568 RO-data=608 RW-data=268 ZI-data=16884  
FromELF: creating hex file...
"P3CAN\P3CAN.axf" - 0 Error(s), 10 Warning(s).

<h2>Software Packages used:</h2>

Package Vendor: ARM
                http://www.keil.com/pack/ARM.CMSIS.5.8.0.pack
                ARM.CMSIS.5.8.0
                CMSIS (Common Microcontroller Software Interface Standard)
   * Component: CORE Version: 5.5.0

Package Vendor: Keil
                http://www.keil.com/pack/Keil.STM32F4xx_DFP.2.15.0.pack
                Keil.STM32F4xx_DFP.2.15.0
                STMicroelectronics STM32F4 Series Device Support, Drivers and Examples

<h2>Collection of Component include folders:</h2>
  .\RTE\_P3CAN
  C:\Users\Alejandro\AppData\Local\Arm\Packs\ARM\CMSIS\5.8.0\CMSIS\Core\Include
  C:\Users\Alejandro\AppData\Local\Arm\Packs\Keil\STM32F4xx_DFP\2.15.0\Drivers\CMSIS\Device\ST\STM32F4xx\Include

<h2>Collection of Component Files used:</h2>

   * Component: ARM::CMSIS:CORE:5.5.0
Build Time Elapsed:  00:00:03
</pre>
</body>
</html>
